<html>
<body>
<pre>
<h1>µVision Build Log</h1>
<h2>Tool Versions:</h2>
IDE-Version: ¦ÌVision V5.21.1.0
Copyright (C) 2016 ARM Ltd and ARM Germany GmbH. All rights reserved.
License Information: zss zss, Microsoft, LIC=----
 
Tool Versions:
Toolchain:       MDK-Lite  Version: 5.21a
Toolchain Path:  C:\Keil_v5\ARM\ARMCC\Bin
C Compiler:      Armcc.exe V5.06 update 3 (build 300)
Assembler:       Armasm.exe V5.06 update 3 (build 300)
Linker/Locator:  ArmLink.exe V5.06 update 3 (build 300)
Library Manager: ArmAr.exe V5.06 update 3 (build 300)
Hex Converter:   FromElf.exe V5.06 update 3 (build 300)
CPU DLL:         SARMCM3.DLL V5.21a
Dialog DLL:      DARMCM1.DLL V1.14.0.0
Target DLL:      Segger\JL2CM3.dll V2.99.23.0
Dialog DLL:      TARMCM1.DLL V1.10.0.0
 
<h2>Project:</h2>
D:\Users\zss\Desktop\test1111234\test11.uvprojx
Project File Date:  06/06/2017

<h2>Output:</h2>
*** Using Compiler 'V5.06 update 3 (build 300)', folder: 'C:\Keil_v5\ARM\ARMCC\Bin'
Rebuild target 'Target 1'
compiling main.c...
compiling delay.c...
compiling oled.c...
oled.c(911): warning:  #167-D: argument of type "uint8_t *" is incompatible with parameter of type "char *restrict"
  	sprintf(m,"%d",n);
oled.c(1006): warning:  #167-D: argument of type "uint8_t *" is incompatible with parameter of type "char *restrict"
      sprintf(num,"%4d",number);
oled.c: 2 warnings, 0 errors
compiling uart.c...
compiling ADC.c...
compiling ui.c...
ui.c(105): warning:  #111-D: statement is unreachable
  					case 3:  return 
emperature_test_id;     break;  
ui.c(106): warning:  #111-D: statement is unreachable
            case 4:  return 
ogo_id;                 break; 
ui.c(107): warning:  #111-D: statement is unreachable
  					case 5:  return 
asic_information_id;    break;           
ui.c(108): warning:  #111-D: statement is unreachable
  					case 6:  return 
ime_and_date_id;        break;
ui.c(117): warning:  #111-D: statement is unreachable
  			break;
ui.c(141): warning:  #181-D: argument is incompatible with corresponding format string conversion
  		        sprintf(GcRcvBuf,"temp=%4f C\r\n",ulADCData);
ui.c: 6 warnings, 0 errors
compiling temp.c...
temp.c(152): warning:  #1-D: last line of file ends without a newline
  			
temp.c(10): warning:  #177-D: variable "Arrow" was declared but never referenced
  static uint8_t Arrow = 3,KEY_=0;
temp.c(10): warning:  #177-D: variable "KEY_" was declared but never referenced
  static uint8_t Arrow = 3,KEY_=0;
temp.c: 3 warnings, 0 errors
compiling Key.c...
Key.c(67): warning:  #940-D: missing return statement at end of non-void function "key_get"
  }
Key.c: 1 warning, 0 errors
assembling startup_LPC11xx.s...
compiling Init.c...
compiling system_LPC11xx.c...
linking...
Program Size: Code=10808 RO-data=2912 RW-data=3188 ZI-data=628  
".\Objects\test11.axf" - 0 Error(s), 12 Warning(s).

<h2>Software Packages used:</h2>

Package Vendor: ARM
                http://www.keil.com/pack/ARM.CMSIS.5.0.0.pack
                ARM::CMSIS:CORE:5.0.0
                CMSIS (Cortex Microcontroller Software Interface Standard)
   * Component: CORE Version: 5.0.0

Package Vendor: Keil
                http://www.keil.com/pack/Keil.LPC1100_DFP.1.4.0.pack
                Keil::Device:Startup:1.0.0
                NXP LPC1100 Series Device Support
   * Component: Startup Version: 1.0.0

<h2>Collection of Component include folders:</h2>
  D:\Users\zss\Desktop\test1111234\RTE
  C:\Keil_v5\ARM\PACK\ARM\CMSIS\5.0.0\CMSIS\Include
  C:\Keil_v5\ARM\PACK\Keil\LPC1100_DFP\1.4.0\Device\Include\LPC11xx

<h2>Collection of Component Files used:</h2>

   * Component: ARM::CMSIS:CORE:5.0.0

   * Component: Keil::Device:Startup:1.0.0
      Source file:   Device\Source\ARM\startup_LPC11xx.s
      Source file:   Device\Source\system_LPC11xx.c
Build Time Elapsed:  00:00:03
</pre>
</body>
</html>
