Component: ARM Compiler 5.06 update 3 (build 300) Tool: armlink [4d35c9]

==============================================================================

Section Cross References

    main.o(i.main) refers to key.o(i.key_init) for key_init
    main.o(i.main) refers to uart.o(i.UART_Init) for UART_Init
    main.o(i.main) refers to adc.o(i.ADC_Init) for ADC_Init
    main.o(i.main) refers to oled.o(i.OLED_Init) for OLED_Init
    main.o(i.main) refers to init.o(i.System_Init) for System_Init
    main.o(i.main) refers to temp.o(i.temp) for temp
    main.o(i.main) refers to ui.o(i.Main_UI) for Main_UI
    oled.o(i.Dly_ms) refers to aeabi_sdiv.o(.text) for __aeabi_uidivmod
    oled.o(i.Dly_ms) refers to oled.o(i.NVIC_SetPriority) for NVIC_SetPriority
    oled.o(i.Dly_ms) refers to system_lpc11xx.o(.data) for SystemCoreClock
    oled.o(i.Draw_BMP) refers to oled.o(i.OLED_Set_Pos) for OLED_Set_Pos
    oled.o(i.Draw_BMP) refers to oled.o(i.OLED_WrDat) for OLED_WrDat
    oled.o(i.Draw_Logo) refers to oled.o(i.OLED_Set_Pos) for OLED_Set_Pos
    oled.o(i.Draw_Logo) refers to oled.o(i.OLED_WrDat) for OLED_WrDat
    oled.o(i.Draw_Logo) refers to oled.o(.data) for LOGO_Phantom
    oled.o(i.OLED_CLS) refers to oled.o(i.OLED_WrCmd) for OLED_WrCmd
    oled.o(i.OLED_CLS) refers to oled.o(i.OLED_WrDat) for OLED_WrDat
    oled.o(i.OLED_DLY_ms) refers to aeabi_sdiv.o(.text) for __aeabi_idivmod
    oled.o(i.OLED_DLY_ms) refers to system_lpc11xx.o(.data) for SystemCoreClock
    oled.o(i.OLED_Fill) refers to oled.o(i.OLED_WrCmd) for OLED_WrCmd
    oled.o(i.OLED_Fill) refers to oled.o(i.OLED_WrDat) for OLED_WrDat
    oled.o(i.OLED_Img) refers to oled.o(i.Draw_BMP) for Draw_BMP
    oled.o(i.OLED_Img) refers to oled.o(.data) for templogo
    oled.o(i.OLED_Img) refers to oled.o(.bss) for blocklogo
    oled.o(i.OLED_Init) refers to oled.o(i.OLED_WrCmd) for OLED_WrCmd
    oled.o(i.OLED_Init) refers to oled.o(i.OLED_Fill) for OLED_Fill
    oled.o(i.OLED_Init) refers to oled.o(i.OLED_Set_Pos) for OLED_Set_Pos
    oled.o(i.OLED_P14x16Str) refers to oled.o(i.OLED_Set_Pos) for OLED_Set_Pos
    oled.o(i.OLED_P14x16Str) refers to oled.o(i.OLED_WrDat) for OLED_WrDat
    oled.o(i.OLED_P14x16Str) refers to oled.o(.data) for F14x16_Idx
    oled.o(i.OLED_P6x8Str) refers to oled.o(i.OLED_Set_Pos) for OLED_Set_Pos
    oled.o(i.OLED_P6x8Str) refers to oled.o(i.OLED_WrDat) for OLED_WrDat
    oled.o(i.OLED_P6x8Str) refers to oled.o(.constdata) for F6x8
    oled.o(i.OLED_P8x16Str) refers to oled.o(i.OLED_Set_Pos) for OLED_Set_Pos
    oled.o(i.OLED_P8x16Str) refers to oled.o(i.OLED_WrDat) for OLED_WrDat
    oled.o(i.OLED_P8x16Str) refers to oled.o(.constdata) for F8X16
    oled.o(i.OLED_Print) refers to oled.o(i.OLED_P14x16Str) for OLED_P14x16Str
    oled.o(i.OLED_Print) refers to oled.o(i.OLED_P6x8Str) for OLED_P6x8Str
    oled.o(i.OLED_PrintNum) refers to sprintf.o(.text) for sprintf
    oled.o(i.OLED_PrintNum) refers to oled.o(i.OLED_Print) for OLED_Print
    oled.o(i.OLED_PutPixel) refers to oled.o(i.OLED_WrCmd) for OLED_WrCmd
    oled.o(i.OLED_PutPixel) refers to oled.o(i.OLED_WrDat) for OLED_WrDat
    oled.o(i.OLED_Rectangle) refers to oled.o(i.OLED_Set_Pos) for OLED_Set_Pos
    oled.o(i.OLED_Rectangle) refers to oled.o(i.OLED_WrDat) for OLED_WrDat
    oled.o(i.OLED_Rectangle) refers to oled.o(i.OLED_DLY_ms) for OLED_DLY_ms
    oled.o(i.OLED_Set_Pos) refers to oled.o(i.OLED_WrCmd) for OLED_WrCmd
    oled.o(i.OLED_Write_Number) refers to sprintf.o(.text) for sprintf
    oled.o(i.OLED_Write_Number) refers to oled.o(i.OLED_P6x8Str) for OLED_P6x8Str
    adc.o(i.ADC_Init) refers to aeabi_sdiv.o(.text) for __aeabi_uidivmod
    adc.o(i.ADC_Init) refers to system_lpc11xx.o(.data) for SystemCoreClock
    uart.o(i.UART_Init) refers to aeabi_sdiv.o(.text) for __aeabi_uidivmod
    uart.o(i.UART_Init) refers to system_lpc11xx.o(.data) for SystemCoreClock
    uart.o(i.UART_SendStr) refers to uart.o(i.UART_SendByte) for UART_SendByte
    ui.o(i.KEY_Service) refers to delay.o(i.delay) for delay
    ui.o(i.KEY_Service) refers to ui.o(.data) for KEY_
    ui.o(i.Main_Menu) refers to rt_memcpy.o(.emb_text) for __aeabi_memcpy4
    ui.o(i.Main_Menu) refers to oled.o(i.OLED_CLS) for OLED_CLS
    ui.o(i.Main_Menu) refers to oled.o(i.OLED_P6x8Str) for OLED_P6x8Str
    ui.o(i.Main_Menu) refers to ui.o(i.KEY_Service) for KEY_Service
    ui.o(i.Main_Menu) refers to ui.o(.data) for AR
    ui.o(i.Main_UI) refers to ui.o(i.Main_Menu) for Main_Menu
    ui.o(i.Main_UI) refers to oled.o(i.OLED_CLS) for OLED_CLS
    ui.o(i.Main_UI) refers to oled.o(i.OLED_Print) for OLED_Print
    ui.o(i.Main_UI) refers to temp.o(i.temp) for temp
    ui.o(i.Main_UI) refers to ffixui.o(.text) for __aeabi_f2uiz
    ui.o(i.Main_UI) refers to sprintf.o(.text) for sprintf
    ui.o(i.Main_UI) refers to aeabi_sdiv.o(.text) for __aeabi_uidivmod
    ui.o(i.Main_UI) refers to oled.o(i.OLED_PrintNum) for OLED_PrintNum
    ui.o(i.Main_UI) refers to oled.o(i.OLED_P6x8Str) for OLED_P6x8Str
[...]
    Removing ui.o(.rev16_text), (4 bytes).
    Removing ui.o(.revsh_text), (4 bytes).
    Removing temp.o(.rev16_text), (4 bytes).
    Removing temp.o(.revsh_text), (4 bytes).
    Removing temp.o(i.Value_Setting), (56 bytes).
    Removing key.o(.rev16_text), (4 bytes).
    Removing key.o(.revsh_text), (4 bytes).
    Removing key.o(i.key_get), (148 bytes).
    Removing init.o(.rev16_text), (4 bytes).
    Removing init.o(.revsh_text), (4 bytes).
    Removing system_lpc11xx.o(.rev16_text), (4 bytes).
    Removing system_lpc11xx.o(.revsh_text), (4 bytes).
    Removing system_lpc11xx.o(i.SystemCoreClockUpdate), (440 bytes).
    Removing system_lpc11xx.o(i.__ARM_common_switch8), (28 bytes).

35 unused section(s) (total 2256 bytes) removed from the image.

==============================================================================

Image Symbol Table

    Local Symbols

    Symbol Name                              Value     Ov Type        Size  Object(Section)

    RESET                                    0x00000000   Section      192  startup_lpc11xx.o(RESET)
    ../clib/../cmprslib/lz77c.c              0x00000000   Number         0  __dclz77c.o ABSOLUTE
    ../clib/angel/boardlib.s                 0x00000000   Number         0  boardinit2.o ABSOLUTE
    ../clib/angel/boardlib.s                 0x00000000   Number         0  boardinit3.o ABSOLUTE
    ../clib/angel/boardlib.s                 0x00000000   Number         0  boardinit1.o ABSOLUTE
    ../clib/angel/boardlib.s                 0x00000000   Number         0  boardshut.o ABSOLUTE
    ../clib/angel/handlers.s                 0x00000000   Number         0  __scatter_zi.o ABSOLUTE
    ../clib/angel/kernel.s                   0x00000000   Number         0  __rtentry.o ABSOLUTE
    ../clib/angel/kernel.s                   0x00000000   Number         0  rtexit2.o ABSOLUTE
    ../clib/angel/kernel.s                   0x00000000   Number         0  __rtentry4.o ABSOLUTE
    ../clib/angel/kernel.s                   0x00000000   Number         0  __rtentry2.o ABSOLUTE
    ../clib/angel/kernel.s                   0x00000000   Number         0  rtexit.o ABSOLUTE
    ../clib/angel/rt.s                       0x00000000   Number         0  rt_locale.o ABSOLUTE
    ../clib/angel/rt.s                       0x00000000   Number         0  aeabi_idiv0.o ABSOLUTE
    ../clib/angel/rt.s                       0x00000000   Number         0  aeabi_idiv0_sigfpe.o ABSOLUTE
    ../clib/angel/rt.s                       0x00000000   Number         0  rt_locale_intlibspace.o ABSOLUTE
    ../clib/angel/rt.s                       0x00000000   Number         0  rt_div0.o ABSOLUTE
    ../clib/angel/rt.s                       0x00000000   Number         0  rt_ctype_table.o ABSOLUTE
    ../clib/angel/rt.s                       0x00000000   Number         0  rt_raise.o ABSOLUTE
    ../clib/angel/scatterp.s                 0x00000000   Number         0  __scatter.o ABSOLUTE
    ../clib/angel/startup.s                  0x00000000   Number         0  __main.o ABSOLUTE
    ../clib/angel/sys.s                      0x00000000   Number         0  sys_stackheap_outer.o ABSOLUTE
    ../clib/angel/sys.s                      0x00000000   Number         0  use_no_semi.o ABSOLUTE
    ../clib/angel/sys.s                      0x00000000   Number         0  tempstk.o ABSOLUTE
    ../clib/angel/sys.s                      0x00000000   Number         0  libspace.o ABSOLUTE
    ../clib/angel/sys.s                      0x00000000   Number         0  indicate_semi.o ABSOLUTE
    ../clib/angel/sysapp.c                   0x00000000   Number         0  sys_wrch.o ABSOLUTE
    ../clib/angel/sysapp.c                   0x00000000   Number         0  sys_exit.o ABSOLUTE
    ../clib/angel/sysapp.c                   0x00000000   Number         0  sys_command.o ABSOLUTE
    ../clib/armsys.c                         0x00000000   Number         0  no_argv.o ABSOLUTE
    ../clib/armsys.c                         0x00000000   Number         0  _get_argv_nomalloc.o ABSOLUTE
    ../clib/armsys.c                         0x00000000   Number         0  argv_veneer.o ABSOLUTE
    ../clib/bigflt.c                         0x00000000   Number         0  bigflt0.o ABSOLUTE
    ../clib/btod.c                           0x00000000   Number         0  btod.o ABSOLUTE
    ../clib/division.c                       0x00000000   Number         0  lludiv10.o ABSOLUTE
    ../clib/division.c                       0x00000000   Number         0  rtudiv10.o ABSOLUTE
    ../clib/division.s                       0x00000000   Number         0  aeabi_sdiv.o ABSOLUTE
    ../clib/division.s                       0x00000000   Number         0  aeabi_sdiv_div0.o ABSOLUTE
    ../clib/heapalloc.c                      0x00000000   Number         0  hrguard.o ABSOLUTE
    ../clib/heapaux.c                        0x00000000   Number         0  heapauxi.o ABSOLUTE
    ../clib/libinit.s                        0x00000000   Number         0  libinit2.o ABSOLUTE
    ../clib/libinit.s                        0x00000000   Number         0  libshutdown.o ABSOLUTE
    ../clib/libinit.s                        0x00000000   Number         0  libshutdown2.o ABSOLUTE
    ../clib/libinit.s                        0x00000000   Number         0  libinit.o ABSOLUTE
    ../clib/locale.c                         0x00000000   Number         0  _wcrtomb.o ABSOLUTE
    ../clib/locale.s                         0x00000000   Number         0  lc_numeric_c.o ABSOLUTE
    ../clib/locale.s                         0x00000000   Number         0  lc_ctype_c.o ABSOLUTE
    ../clib/memcpset.c                       0x00000000   Number         0  rt_memcpy.o ABSOLUTE
    ../clib/memcpset.c                       0x00000000   Number         0  rt_memcpy.o ABSOLUTE
    ../clib/misc.s                           0x00000000   Number         0  printf_stubs.o ABSOLUTE
    ../clib/printf.c                         0x00000000   Number         0  __printf_flags_ss.o ABSOLUTE
    ../clib/printf.c                         0x00000000   Number         0  __printf_wp.o ABSOLUTE
    ../clib/printf.c                         0x00000000   Number         0  _printf_oct_int_ll.o ABSOLUTE
    ../clib/printf.c                         0x00000000   Number         0  __printf_flags_wp.o ABSOLUTE
    ../clib/printf.c                         0x00000000   Number         0  __printf_ss_wp.o ABSOLUTE
    ../clib/printf.c                         0x00000000   Number         0  __printf_flags_ss_wp.o ABSOLUTE
    ../clib/printf.c                         0x00000000   Number         0  _printf_hex_ptr.o ABSOLUTE
    ../clib/printf.c                         0x00000000   Number         0  __printf.o ABSOLUTE
    ../clib/printf.c                         0x00000000   Number         0  _printf_pad.o ABSOLUTE
    ../clib/printf.c                         0x00000000   Number         0  _printf_truncate.o ABSOLUTE
    ../clib/printf.c                         0x00000000   Number         0  _printf_str.o ABSOLUTE
    ../clib/printf.c                         0x00000000   Number         0  _printf_fp_infnan.o ABSOLUTE
    ../clib/printf.c                         0x00000000   Number         0  __printf_nopercent.o ABSOLUTE
    ../clib/printf.c                         0x00000000   Number         0  _printf_hex_int_ll.o ABSOLUTE
    ../clib/printf.c                         0x00000000   Number         0  _printf_hex_int.o ABSOLUTE
    ../clib/printf.c                         0x00000000   Number         0  _printf_dec.o ABSOLUTE
    ../clib/printf.c                         0x00000000   Number         0  _printf_charcount.o ABSOLUTE
    ../clib/printf.c                         0x00000000   Number         0  _printf_hex_ll.o ABSOLUTE
    ../clib/printf.c                         0x00000000   Number         0  _printf_char_common.o ABSOLUTE
    ../clib/printf.c                         0x00000000   Number         0  _sputc.o ABSOLUTE
    ../clib/printf.c                         0x00000000   Number         0  _printf_fp_hex.o ABSOLUTE
    ../clib/printf.c                         0x00000000   Number         0  _printf_wctomb.o ABSOLUTE
    ../clib/printf.c                         0x00000000   Number         0  _printf_hex_ll_ptr.o ABSOLUTE
    ../clib/printf.c                         0x00000000   Number         0  _printf_oct_int.o ABSOLUTE
    ../clib/printf.c                         0x00000000   Number         0  sprintf.o ABSOLUTE
    ../clib/printf.c                         0x00000000   Number         0  _printf_oct_ll.o ABSOLUTE
    ../clib/printf.c                         0x00000000   Number         0  _printf_hex_int_ll_ptr.o ABSOLUTE
    ../clib/printf.c                         0x00000000   Number         0  _printf_fp_dec.o ABSOLUTE
    ../clib/printf.c                         0x00000000   Number         0  _printf_hex_int_ptr.o ABSOLUTE
    ../clib/printf.c                         0x00000000   Number         0  __printf_flags.o ABSOLUTE
    ../clib/printf.c                         0x00000000   Number         0  __printf_ss.o ABSOLUTE
    ../clib/printf.c                         0x00000000   Number         0  _printf_intcommon.o ABSOLUTE
    ../clib/printf.c                         0x00000000   Number         0  _printf_wchar.o ABSOLUTE
    ../clib/printf.c                         0x00000000   Number         0  _printf_longlong_dec.o ABSOLUTE
    ../clib/printf.c                         0x00000000   Number         0  _printf_char.o ABSOLUTE
    ../clib/printf_percent.s                 0x00000000   Number         0  _printf_ls.o ABSOLUTE
    ../clib/printf_percent.s                 0x00000000   Number         0  _printf_llo.o ABSOLUTE
    ../clib/printf_percent.s                 0x00000000   Number         0  _printf_llx.o ABSOLUTE
    ../clib/printf_percent.s                 0x00000000   Number         0  _printf_percent_end.o ABSOLUTE
    ../clib/printf_percent.s                 0x00000000   Number         0  _printf_c.o ABSOLUTE
    ../clib/printf_percent.s                 0x00000000   Number         0  _printf_s.o ABSOLUTE
    ../clib/printf_percent.s                 0x00000000   Number         0  _printf_n.o ABSOLUTE
    ../clib/printf_percent.s                 0x00000000   Number         0  _printf_x.o ABSOLUTE
    ../clib/printf_percent.s                 0x00000000   Number         0  _printf_p.o ABSOLUTE
    ../clib/printf_percent.s                 0x00000000   Number         0  _printf_o.o ABSOLUTE
    ../clib/printf_percent.s                 0x00000000   Number         0  _printf_i.o ABSOLUTE
    ../clib/printf_percent.s                 0x00000000   Number         0  _printf_d.o ABSOLUTE
    ../clib/printf_percent.s                 0x00000000   Number         0  _printf_u.o ABSOLUTE
    ../clib/printf_percent.s                 0x00000000   Number         0  _printf_f.o ABSOLUTE
    ../clib/printf_percent.s                 0x00000000   Number         0  _printf_e.o ABSOLUTE
    ../clib/printf_percent.s                 0x00000000   Number         0  _printf_g.o ABSOLUTE
    ../clib/printf_percent.s                 0x00000000   Number         0  _printf_a.o ABSOLUTE
    ../clib/printf_percent.s                 0x00000000   Number         0  _printf_percent.o ABSOLUTE
    ../clib/printf_percent.s                 0x00000000   Number         0  _printf_lli.o ABSOLUTE
    ../clib/printf_percent.s                 0x00000000   Number         0  _printf_lld.o ABSOLUTE
    ../clib/printf_percent.s                 0x00000000   Number         0  _printf_llu.o ABSOLUTE
    ../clib/printf_percent.s                 0x00000000   Number         0  _printf_ll.o ABSOLUTE
    ../clib/printf_percent.s                 0x00000000   Number         0  _printf_l.o ABSOLUTE
    ../clib/printf_percent.s                 0x00000000   Number         0  _printf_lc.o ABSOLUTE
    ../clib/signal.c                         0x00000000   Number         0  defsig_segv_inner.o ABSOLUTE
    ../clib/signal.c                         0x00000000   Number         0  defsig_exit.o ABSOLUTE
    ../clib/signal.c                         0x00000000   Number         0  defsig_rtred_inner.o ABSOLUTE
    ../clib/signal.c                         0x00000000   Number         0  defsig_abrt_inner.o ABSOLUTE
    ../clib/signal.c                         0x00000000   Number         0  __raise.o ABSOLUTE
    ../clib/signal.c                         0x00000000   Number         0  defsig_fpe_inner.o ABSOLUTE
    ../clib/signal.c                         0x00000000   Number         0  defsig_other.o ABSOLUTE
    ../clib/signal.c                         0x00000000   Number         0  defsig_fpe_outer.o ABSOLUTE
    ../clib/signal.c                         0x00000000   Number         0  defsig_fpe_formal.o ABSOLUTE
    ../clib/signal.c                         0x00000000   Number         0  defsig_cppl_inner.o ABSOLUTE
    ../clib/signal.c                         0x00000000   Number         0  defsig_pvfn_inner.o ABSOLUTE
    ../clib/signal.c                         0x00000000   Number         0  defsig_stak_inner.o ABSOLUTE
    ../clib/signal.c                         0x00000000   Number         0  defsig_rtmem_formal.o ABSOLUTE
    ../clib/signal.c                         0x00000000   Number         0  defsig_rtmem_outer.o ABSOLUTE
    ../clib/signal.c                         0x00000000   Number         0  defsig_rtmem_inner.o ABSOLUTE
    ../clib/signal.c                         0x00000000   Number         0  defsig_general.o ABSOLUTE
    ../clib/signal.s                         0x00000000   Number         0  defsig.o ABSOLUTE
    ../clib/stdlib.c                         0x00000000   Number         0  exit.o ABSOLUTE
    ../clib/string.c                         0x00000000   Number         0  strcmp.o ABSOLUTE
    ../fplib/cfplib/fdiv.c                   0x00000000   Number         0  fdiv.o ABSOLUTE
    ../fplib/cfplib/ffix.c                   0x00000000   Number         0  ffixui.o ABSOLUTE
    ../fplib/cfplib/fflt.c                   0x00000000   Number         0  fflti.o ABSOLUTE
    ../fplib/cfplib/fpinit.c                 0x00000000   Number         0  fpinit.o ABSOLUTE
    ../fplib/cfplib/ieee_status.c            0x00000000   Number         0  ieee_status.o ABSOLUTE
    ../fplib/faddsub6m.s                     0x00000000   Number         0  faddsub.o ABSOLUTE
    ../fplib/printf1.s                       0x00000000   Number         0  printf1.o ABSOLUTE
    ../fplib/printf2.s                       0x00000000   Number         0  printf2.o ABSOLUTE
    ../fplib/printf2a.s                      0x00000000   Number         0  printf2a.o ABSOLUTE
    ../fplib/printf2b.s                      0x00000000   Number         0  printf2b.o ABSOLUTE
    ../fplib/usenofp.s                       0x00000000   Number         0  usenofp.o ABSOLUTE
    ../mathlib/fpclassify.c                  0x00000000   Number         0  fpclassify.o ABSOLUTE
    ADC.c                                    0x00000000   Number         0  adc.o ABSOLUTE
    ADC.c                                    0x00000000   Number         0  adc.o ABSOLUTE
    Init.c                                   0x00000000   Number         0  init.o ABSOLUTE
    Init.c                                   0x00000000   Number         0  init.o ABSOLUTE
    Key.c                                    0x00000000   Number         0  key.o ABSOLUTE
    Key.c                                    0x00000000   Number         0  key.o ABSOLUTE
    RTE\Device\LPC1114FBD48_301\startup_LPC11xx.s 0x00000000   Number         0  startup_lpc11xx.o ABSOLUTE
    RTE\Device\LPC1114FBD48_301\system_LPC11xx.c 0x00000000   Number         0  system_lpc11xx.o ABSOLUTE
    RTE\\Device\\LPC1114FBD48_301\\system_LPC11xx.c 0x00000000   Number         0  system_lpc11xx.o ABSOLUTE
    dc.s                                     0x00000000   Number         0  dc.o ABSOLUTE
    delay.c                                  0x00000000   Number         0  delay.o ABSOLUTE
    delay.c                                  0x00000000   Number         0  delay.o ABSOLUTE
    main.c                                   0x00000000   Number         0  main.o ABSOLUTE
    main.c                                   0x00000000   Number         0  main.o ABSOLUTE
    oled.c                                   0x00000000   Number         0  oled.o ABSOLUTE
    oled.c                                   0x00000000   Number         0  oled.o ABSOLUTE
    temp.c                                   0x00000000   Number         0  temp.o ABSOLUTE
    temp.c                                   0x00000000   Number         0  temp.o ABSOLUTE
    uart.c                                   0x00000000   Number         0  uart.o ABSOLUTE
    uart.c                                   0x00000000   Number         0  uart.o ABSOLUTE
    ui.c                                     0x00000000   Number         0  ui.o ABSOLUTE
    ui.c                                     0x00000000   Number         0  ui.o ABSOLUTE
    !!!main                                  0x000000c0   Section        8  __main.o(!!!main)
    !!!scatter                               0x000000c8   Section       60  __scatter.o(!!!scatter)
    !!handler_zi                             0x00000104   Section       28  __scatter_zi.o(!!handler_zi)
    .ARM.Collect$$_printf_percent$$00000000  0x00000120   Section        2  _printf_percent.o(.ARM.Collect$$_printf_percent$$00000000)
    .ARM.Collect$$_printf_percent$$00000001  0x00000122   Section       10  _printf_n.o(.ARM.Collect$$_printf_percent$$00000001)
    .ARM.Collect$$_printf_percent$$00000002  0x0000012c   Section       10  _printf_p.o(.ARM.Collect$$_printf_percent$$00000002)
    .ARM.Collect$$_printf_percent$$00000003  0x00000136   Section       10  _printf_f.o(.ARM.Collect$$_printf_percent$$00000003)
    .ARM.Collect$$_printf_percent$$00000004  0x00000140   Section       10  _printf_e.o(.ARM.Collect$$_printf_percent$$00000004)
    .ARM.Collect$$_printf_percent$$00000005  0x0000014a   Section       10  _printf_g.o(.ARM.Collect$$_printf_percent$$00000005)
    .ARM.Collect$$_printf_percent$$00000006  0x00000154   Section       10  _printf_a.o(.ARM.Collect$$_printf_percent$$00000006)
    .ARM.Collect$$_printf_percent$$00000007  0x0000015e   Section       10  _printf_ll.o(.ARM.Collect$$_printf_percent$$00000007)
    .ARM.Collect$$_printf_percent$$00000008  0x00000168   Section       10  _printf_i.o(.ARM.Collect$$_printf_percent$$00000008)
    .ARM.Collect$$_printf_percent$$00000009  0x00000172   Section       10  _printf_d.o(.ARM.Collect$$_printf_percent$$00000009)
    .ARM.Collect$$_printf_percent$$0000000A  0x0000017c   Section       10  _printf_u.o(.ARM.Collect$$_printf_percent$$0000000A)
    .ARM.Collect$$_printf_percent$$0000000B  0x00000186   Section       10  _printf_o.o(.ARM.Collect$$_printf_percent$$0000000B)
    .ARM.Collect$$_printf_percent$$0000000C  0x00000190   Section       10  _printf_x.o(.ARM.Collect$$_printf_percent$$0000000C)
    .ARM.Collect$$_printf_percent$$0000000D  0x0000019a   Section       10  _printf_lli.o(.ARM.Collect$$_printf_percent$$0000000D)
    .ARM.Collect$$_printf_percent$$0000000E  0x000001a4   Section       10  _printf_lld.o(.ARM.Collect$$_printf_percent$$0000000E)
    .ARM.Collect$$_printf_percent$$0000000F  0x000001ae   Section       10  _printf_llu.o(.ARM.Collect$$_printf_percent$$0000000F)
    .ARM.Collect$$_printf_percent$$00000010  0x000001b8   Section       10  _printf_llo.o(.ARM.Collect$$_printf_percent$$00000010)
    .ARM.Collect$$_printf_percent$$00000011  0x000001c2   Section       10  _printf_llx.o(.ARM.Collect$$_printf_percent$$00000011)
    .ARM.Collect$$_printf_percent$$00000012  0x000001cc   Section       10  _printf_l.o(.ARM.Collect$$_printf_percent$$00000012)
    .ARM.Collect$$_printf_percent$$00000013  0x000001d6   Section       10  _printf_c.o(.ARM.Collect$$_printf_percent$$00000013)
    .ARM.Collect$$_printf_percent$$00000014  0x000001e0   Section       10  _printf_s.o(.ARM.Collect$$_printf_percent$$00000014)
    .ARM.Collect$$_printf_percent$$00000015  0x000001ea   Section       10  _printf_lc.o(.ARM.Collect$$_printf_percent$$00000015)
    .ARM.Collect$$_printf_percent$$00000016  0x000001f4   Section       10  _printf_ls.o(.ARM.Collect$$_printf_percent$$00000016)
    .ARM.Collect$$_printf_percent$$00000017  0x000001fe   Section        4  _printf_percent_end.o(.ARM.Collect$$_printf_percent$$00000017)
    .ARM.Collect$$libinit$$00000000          0x00000202   Section        2  libinit.o(.ARM.Collect$$libinit$$00000000)
    .ARM.Collect$$libinit$$00000002          0x00000204   Section        0  libinit2.o(.ARM.Collect$$libinit$$00000002)
    .ARM.Collect$$libinit$$00000004          0x00000204   Section        0  libinit2.o(.ARM.Collect$$libinit$$00000004)
    .ARM.Collect$$libinit$$0000000A          0x00000204   Section        0  libinit2.o(.ARM.Collect$$libinit$$0000000A)
    .ARM.Collect$$libinit$$0000000C          0x00000204   Section        0  libinit2.o(.ARM.Collect$$libinit$$0000000C)
    .ARM.Collect$$libinit$$0000000E          0x00000204   Section        0  libinit2.o(.ARM.Collect$$libinit$$0000000E)
    .ARM.Collect$$libinit$$0000000F          0x00000204   Section        6  libinit2.o(.ARM.Collect$$libinit$$0000000F)
    .ARM.Collect$$libinit$$00000011          0x0000020a   Section        0  libinit2.o(.ARM.Collect$$libinit$$00000011)
    .ARM.Collect$$libinit$$00000012          0x0000020a   Section       12  libinit2.o(.ARM.Collect$$libinit$$00000012)
    .ARM.Collect$$libinit$$00000013          0x00000216   Section        0  libinit2.o(.ARM.Collect$$libinit$$00000013)
    .ARM.Collect$$libinit$$00000015          0x00000216   Section        0  libinit2.o(.ARM.Collect$$libinit$$00000015)
    .ARM.Collect$$libinit$$00000016          0x00000216   Section       10  libinit2.o(.ARM.Collect$$libinit$$00000016)
    .ARM.Collect$$libinit$$00000017          0x00000220   Section        0  libinit2.o(.ARM.Collect$$libinit$$00000017)
    .ARM.Collect$$libinit$$00000019          0x00000220   Section        0  libinit2.o(.ARM.Collect$$libinit$$00000019)
    .ARM.Collect$$libinit$$0000001B          0x00000220   Section        0  libinit2.o(.ARM.Collect$$libinit$$0000001B)
    .ARM.Collect$$libinit$$0000001D          0x00000220   Section        0  libinit2.o(.ARM.Collect$$libinit$$0000001D)
    .ARM.Collect$$libinit$$0000001F          0x00000220   Section        0  libinit2.o(.ARM.Collect$$libinit$$0000001F)
    .ARM.Collect$$libinit$$00000021          0x00000220   Section        0  libinit2.o(.ARM.Collect$$libinit$$00000021)
    .ARM.Collect$$libinit$$00000023          0x00000220   Section        0  libinit2.o(.ARM.Collect$$libinit$$00000023)
    .ARM.Collect$$libinit$$00000025          0x00000220   Section        0  libinit2.o(.ARM.Collect$$libinit$$00000025)
    .ARM.Collect$$libinit$$0000002C          0x00000220   Section        0  libinit2.o(.ARM.Collect$$libinit$$0000002C)
    .ARM.Collect$$libinit$$0000002E          0x00000220   Section        0  libinit2.o(.ARM.Collect$$libinit$$0000002E)
    .ARM.Collect$$libinit$$00000030          0x00000220   Section        0  libinit2.o(.ARM.Collect$$libinit$$00000030)
    .ARM.Collect$$libinit$$00000032          0x00000220   Section        0  libinit2.o(.ARM.Collect$$libinit$$00000032)
    .ARM.Collect$$libinit$$00000033          0x00000220   Section        2  libinit2.o(.ARM.Collect$$libinit$$00000033)
    .ARM.Collect$$libshutdown$$00000000      0x00000222   Section        2  libshutdown.o(.ARM.Collect$$libshutdown$$00000000)
    .ARM.Collect$$libshutdown$$00000002      0x00000224   Section        0  libshutdown2.o(.ARM.Collect$$libshutdown$$00000002)
    .ARM.Collect$$libshutdown$$00000004      0x00000224   Section        0  libshutdown2.o(.ARM.Collect$$libshutdown$$00000004)
    .ARM.Collect$$libshutdown$$00000007      0x00000224   Section        0  libshutdown2.o(.ARM.Collect$$libshutdown$$00000007)
    .ARM.Collect$$libshutdown$$0000000A      0x00000224   Section        0  libshutdown2.o(.ARM.Collect$$libshutdown$$0000000A)
    .ARM.Collect$$libshutdown$$0000000C      0x00000224   Section        0  libshutdown2.o(.ARM.Collect$$libshutdown$$0000000C)
    .ARM.Collect$$libshutdown$$0000000F      0x00000224   Section        0  libshutdown2.o(.ARM.Collect$$libshutdown$$0000000F)
    .ARM.Collect$$libshutdown$$00000010      0x00000224   Section        2  libshutdown2.o(.ARM.Collect$$libshutdown$$00000010)
    .ARM.Collect$$rtentry$$00000000          0x00000226   Section        0  __rtentry.o(.ARM.Collect$$rtentry$$00000000)
    .ARM.Collect$$rtentry$$00000002          0x00000226   Section        0  __rtentry2.o(.ARM.Collect$$rtentry$$00000002)
    .ARM.Collect$$rtentry$$00000004          0x00000226   Section        6  __rtentry4.o(.ARM.Collect$$rtentry$$00000004)
    .ARM.Collect$$rtentry$$00000009          0x0000022c   Section        0  __rtentry2.o(.ARM.Collect$$rtentry$$00000009)
    .ARM.Collect$$rtentry$$0000000A          0x0000022c   Section        4  __rtentry2.o(.ARM.Collect$$rtentry$$0000000A)
    .ARM.Collect$$rtentry$$0000000C          0x00000230   Section        0  __rtentry2.o(.ARM.Collect$$rtentry$$0000000C)
    .ARM.Collect$$rtentry$$0000000D          0x00000230   Section        8  __rtentry2.o(.ARM.Collect$$rtentry$$0000000D)
    .ARM.Collect$$rtexit$$00000000           0x00000238   Section        2  rtexit.o(.ARM.Collect$$rtexit$$00000000)
    .ARM.Collect$$rtexit$$00000002           0x0000023a   Section        0  rtexit2.o(.ARM.Collect$$rtexit$$00000002)
    .ARM.Collect$$rtexit$$00000003           0x0000023a   Section        4  rtexit2.o(.ARM.Collect$$rtexit$$00000003)
    .ARM.Collect$$rtexit$$00000004           0x0000023e   Section        6  rtexit2.o(.ARM.Collect$$rtexit$$00000004)
    .emb_text                                0x00000244   Section       56  rt_memcpy.o(.emb_text)
    .text                                    0x0000027c   Section       52  startup_lpc11xx.o(.text)
    .text                                    0x000002b0   Section        0  sprintf.o(.text)
    .text                                    0x000002dc   Section        0  heapauxi.o(.text)
    .text                                    0x000002e2   Section        0  _sputc.o(.text)
    .text                                    0x000002ec   Section       16  rt_ctype_table.o(.text)
    .ARM.__at_0x02FC                         0x000002fc   Section        4  startup_lpc11xx.o(.ARM.__at_0x02FC)
    .text                                    0x00000300   Section      346  aeabi_sdiv.o(.text)
    .text                                    0x0000045c   Section        0  fdiv.o(.text)
    .text                                    0x000005bc   Section        0  ffixui.o(.text)
    .text                                    0x000005ec   Section        0  fflti.o(.text)
    .text                                    0x0000064a   Section        0  _printf_pad.o(.text)
    .text                                    0x00000698   Section        0  _printf_truncate.o(.text)
    .text                                    0x000006bc   Section        0  _printf_str.o(.text)
    .text                                    0x00000710   Section        0  _printf_dec.o(.text)
    .text                                    0x0000077c   Section        0  _printf_charcount.o(.text)
    .text                                    0x000007a4   Section        0  _printf_char_common.o(.text)
    _printf_input_char                       0x000007a5   Thumb Code    10  _printf_char_common.o(.text)
    .text                                    0x000007d4   Section        0  _printf_wctomb.o(.text)
    .text                                    0x00000890   Section        0  _printf_longlong_dec.o(.text)
    .text                                    0x00000900   Section        0  _printf_oct_int_ll.o(.text)
    _printf_longlong_oct_internal            0x00000901   Thumb Code     0  _printf_oct_int_ll.o(.text)
    .text                                    0x00000970   Section        0  _printf_hex_int_ll_ptr.o(.text)
    _printf_hex_common                       0x00000971   Thumb Code     0  _printf_hex_int_ll_ptr.o(.text)
    .text                                    0x00000a08   Section        0  __printf_flags_ss_wp.o(.text)
    .text                                    0x00000b90   Section        0  lludiv10.o(.text)
    .text                                    0x00000c0a   Section        0  _printf_intcommon.o(.text)
    .text                                    0x00000cbc   Section        0  _printf_fp_dec.o(.text)
    _fp_digits                               0x00000cbf   Thumb Code   408  _printf_fp_dec.o(.text)
    .text                                    0x000010d0   Section        0  _printf_fp_hex.o(.text)
    .text                                    0x000013a8   Section        0  _printf_char.o(.text)
    .text                                    0x000013d6   Section        0  _printf_wchar.o(.text)
    .text                                    0x00001404   Section        0  _wcrtomb.o(.text)
    .text                                    0x00001444   Section        0  rtudiv10.o(.text)
    .text                                    0x0000146c   Section       62  sys_stackheap_outer.o(.text)
    .text                                    0x000014ac   Section        8  rt_locale_intlibspace.o(.text)
    .text                                    0x000014b4   Section        0  _printf_fp_infnan.o(.text)
    .text                                    0x0000153c   Section        0  bigflt0.o(.text)
    .text                                    0x00001604   Section        0  btod.o(.text)
    btod_internal_mul                        0x00001645   Thumb Code   456  btod.o(.text)
    btod_internal_div                        0x0000180d   Thumb Code   494  btod.o(.text)
    .text                                    0x00001aac   Section        0  exit.o(.text)
    .text                                    0x00001abc   Section        8  libspace.o(.text)
    .text                                    0x00001ac4   Section        0  strcmp.o(.text)
    .text                                    0x00001b4c   Section        0  sys_exit.o(.text)
    .text                                    0x00001b58   Section        2  use_no_semi.o(.text)
    .text                                    0x00001b5a   Section        0  __dclz77c.o(.text)
    .text                                    0x00001b5a   Section        0  indicate_semi.o(.text)
    i.ADC_Init                               0x00001bbc   Section        0  adc.o(i.ADC_Init)
    i.Draw_Logo                              0x00001c30   Section        0  oled.o(i.Draw_Logo)
    i.KEY_Service                            0x00001c68   Section        0  ui.o(i.KEY_Service)
    i.Main_Menu                              0x00001cd0   Section        0  ui.o(i.Main_Menu)
    i.Main_UI                                0x00001e8c   Section        0  ui.o(i.Main_UI)
    i.OLED_CLS                               0x00002014   Section        0  oled.o(i.OLED_CLS)
    i.OLED_Fill                              0x0000204c   Section        0  oled.o(i.OLED_Fill)
    i.OLED_Init                              0x00002088   Section        0  oled.o(i.OLED_Init)
    i.OLED_P14x16Str                         0x000021b0   Section        0  oled.o(i.OLED_P14x16Str)
    i.OLED_P6x8Str                           0x000022ac   Section        0  oled.o(i.OLED_P6x8Str)
    i.OLED_Print                             0x0000230c   Section        0  oled.o(i.OLED_Print)
    i.OLED_PrintNum                          0x0000236c   Section        0  oled.o(i.OLED_PrintNum)
    i.OLED_Set_Pos                           0x00002394   Section        0  oled.o(i.OLED_Set_Pos)
    i.OLED_WrCmd                             0x000023c4   Section        0  oled.o(i.OLED_WrCmd)
    i.OLED_WrDat                             0x00002430   Section        0  oled.o(i.OLED_WrDat)
    i.SystemInit                             0x0000249c   Section        0  system_lpc11xx.o(i.SystemInit)
    i.System_Init                            0x0000253c   Section        0  init.o(i.System_Init)
    i.UART_Init                              0x00002540   Section        0  uart.o(i.UART_Init)
    i.UART_SendByte                          0x000025e8   Section        0  uart.o(i.UART_SendByte)
    i.UART_SendStr                           0x00002600   Section        0  uart.o(i.UART_SendStr)
    i.__ARM_common_ll_muluu                  0x0000261c   Section        0  btod.o(i.__ARM_common_ll_muluu)
    i.__ARM_fpclassify                       0x0000264c   Section        0  fpclassify.o(i.__ARM_fpclassify)
    i._is_digit                              0x00002678   Section        0  __printf_wp.o(i._is_digit)
    i.delay                                  0x00002688   Section        0  delay.o(i.delay)
    i.key_init                               0x0000269c   Section        0  key.o(i.key_init)
    i.main                                   0x000026d4   Section        0  main.o(i.main)
    i.temp                                   0x000026f4   Section        0  temp.o(i.temp)
    locale$$code                             0x00002924   Section       44  lc_numeric_c.o(locale$$code)
    locale$$code                             0x00002950   Section       44  lc_ctype_c.o(locale$$code)
    x$fpl$fadd                               0x0000297c   Section      140  faddsub.o(x$fpl$fadd)
    _fadd1                                   0x00002989   Thumb Code     0  faddsub.o(x$fpl$fadd)
    x$fpl$fsub                               0x00002a08   Section      208  faddsub.o(x$fpl$fsub)
    _fsub1                                   0x00002a15   Thumb Code     0  faddsub.o(x$fpl$fsub)
    x$fpl$printf1                            0x00002ad8   Section       16  printf1.o(x$fpl$printf1)
    x$fpl$printf2                            0x00002ae8   Section       16  printf2.o(x$fpl$printf2)
    .constdata                               0x00002af8   Section     2072  oled.o(.constdata)
    x$fpl$usenofp                            0x00002af8   Section        0  usenofp.o(x$fpl$usenofp)
    .constdata                               0x00003310   Section       64  fdiv.o(.constdata)
    fdiv_tab                                 0x00003310   Data          64  fdiv.o(.constdata)
    .constdata                               0x00003350   Section        8  _printf_wctomb.o(.constdata)
    initial_mbstate                          0x00003350   Data           8  _printf_wctomb.o(.constdata)
    .constdata                               0x00003358   Section       40  _printf_hex_int_ll_ptr.o(.constdata)
    uc_hextab                                0x00003358   Data          20  _printf_hex_int_ll_ptr.o(.constdata)
    lc_hextab                                0x0000336c   Data          20  _printf_hex_int_ll_ptr.o(.constdata)
    .constdata                               0x00003380   Section       17  __printf_flags_ss_wp.o(.constdata)
    maptable                                 0x00003380   Data          17  __printf_flags_ss_wp.o(.constdata)
    .constdata                               0x00003391   Section       38  _printf_fp_hex.o(.constdata)
    lc_hextab                                0x00003391   Data          19  _printf_fp_hex.o(.constdata)
    uc_hextab                                0x000033a4   Data          19  _printf_fp_hex.o(.constdata)
    .constdata                               0x000033b8   Section      148  bigflt0.o(.constdata)
    tenpwrs_x                                0x000033b8   Data          60  bigflt0.o(.constdata)
    tenpwrs_i                                0x000033f4   Data          64  bigflt0.o(.constdata)
    locale$$data                             0x0000346c   Section       28  lc_numeric_c.o(locale$$data)
    __lcnum_c_name                           0x00003470   Data           2  lc_numeric_c.o(locale$$data)
    __lcnum_c_start                          0x00003478   Data           0  lc_numeric_c.o(locale$$data)
    __lcnum_c_point                          0x00003484   Data           0  lc_numeric_c.o(locale$$data)
    __lcnum_c_thousands                      0x00003486   Data           0  lc_numeric_c.o(locale$$data)
    __lcnum_c_grouping                       0x00003487   Data           0  lc_numeric_c.o(locale$$data)
    locale$$data                             0x00003488   Section      272  lc_ctype_c.o(locale$$data)
    __lcnum_c_end                            0x00003488   Data           0  lc_numeric_c.o(locale$$data)
    __lcctype_c_name                         0x0000348c   Data           2  lc_ctype_c.o(locale$$data)
    __lcctype_c_start                        0x00003494   Data           0  lc_ctype_c.o(locale$$data)
    __lcctype_c_end                          0x00003598   Data           0  lc_ctype_c.o(locale$$data)
    .data                                    0x10000000   Section     3151  oled.o(.data)
    .data                                    0x10000c50   Section       14  ui.o(.data)
    Arrow                                    0x10000c54   Data           1  ui.o(.data)
    KEY_                                     0x10000c55   Data           1  ui.o(.data)
    .data                                    0x10000c60   Section       16  temp.o(.data)
    Arrow                                    0x10000c60   Data           1  temp.o(.data)
    KEY_                                     0x10000c61   Data           1  temp.o(.data)
    .data                                    0x10000c70   Section        4  system_lpc11xx.o(.data)
    .bss                                     0x10000c74   Section       20  ui.o(.bss)
    .bss                                     0x10000c88   Section       96  libspace.o(.bss)
    HEAP                                     0x10000ce8   Section        0  startup_lpc11xx.o(HEAP)
    STACK                                    0x10000ce8   Section      512  startup_lpc11xx.o(STACK)
    Heap_Mem                                 0x10000ce8   Data           0  startup_lpc11xx.o(HEAP)
    Stack_Mem                                0x10000ce8   Data         512  startup_lpc11xx.o(STACK)
    __initial_sp                             0x10000ee8   Data           0  startup_lpc11xx.o(STACK)

    Global Symbols

    Symbol Name                              Value     Ov Type        Size  Object(Section)

    BuildAttributes$$THM_ISAv3M$S$PE$A:L22$X:L11$S22$IEEE1$IW$USESV6$~STKCKD$USESV7$~SHL$OTIME$ROPI$IEEEJ$EBA8$UX$STANDARDLIB$REQ8$PRES8$EABIv2 0x00000000   Number         0  anon$$obj.o ABSOLUTE
    __ARM_use_no_argv                        0x00000000   Number         0  main.o ABSOLUTE
    __Vectors                                0x00000000   Data           4  startup_lpc11xx.o(RESET)
    _printf_flags                            0x00000000   Number         0  printf_stubs.o ABSOLUTE
    _printf_return_value                     0x00000000   Number         0  printf_stubs.o ABSOLUTE
    _printf_sizespec                         0x00000000   Number         0  printf_stubs.o ABSOLUTE
    _printf_widthprec                        0x00000000   Number         0  printf_stubs.o ABSOLUTE
    __ARM_exceptions_init                     - Undefined Weak Reference
    __alloca_initialize                       - Undefined Weak Reference
    __arm_preinit_                            - Undefined Weak Reference
    __cpp_initialize__aeabi_                  - Undefined Weak Reference
    __cxa_finalize                            - Undefined Weak Reference
    __sigvec_lookup                           - Undefined Weak Reference
    _atexit_init                              - Undefined Weak Reference
    _call_atexit_fns                          - Undefined Weak Reference
    _clock_init                               - Undefined Weak Reference
    _fp_trap_init                             - Undefined Weak Reference
    _fp_trap_shutdown                         - Undefined Weak Reference
    _get_lc_collate                           - Undefined Weak Reference
    _get_lc_monetary                          - Undefined Weak Reference
    _get_lc_time                              - Undefined Weak Reference
    _getenv_init                              - Undefined Weak Reference
    _handle_redirection                       - Undefined Weak Reference
    _init_alloc                               - Undefined Weak Reference
    _init_user_alloc                          - Undefined Weak Reference
    _initio                                   - Undefined Weak Reference
    _printf_mbtowc                            - Undefined Weak Reference
    _printf_wc                                - Undefined Weak Reference
    _rand_init                                - Undefined Weak Reference
    _signal_finish                            - Undefined Weak Reference
    _signal_init                              - Undefined Weak Reference
    _terminate_alloc                          - Undefined Weak Reference
    _terminate_user_alloc                     - Undefined Weak Reference
    _terminateio                              - Undefined Weak Reference
    __main                                   0x000000c1   Thumb Code     8  __main.o(!!!main)
    __scatterload                            0x000000c9   Thumb Code     0  __scatter.o(!!!scatter)
    __scatterload_rt2                        0x000000c9   Thumb Code    52  __scatter.o(!!!scatter)
    __scatterload_rt2_thumb_only             0x000000c9   Thumb Code     0  __scatter.o(!!!scatter)
    __scatterload_null                       0x000000d9   Thumb Code     0  __scatter.o(!!!scatter)
    __scatterload_zeroinit                   0x00000105   Thumb Code    28  __scatter_zi.o(!!handler_zi)
    _printf_percent                          0x00000121   Thumb Code     0  _printf_percent.o(.ARM.Collect$$_printf_percent$$00000000)
    _printf_n                                0x00000123   Thumb Code     0  _printf_n.o(.ARM.Collect$$_printf_percent$$00000001)
    _printf_p                                0x0000012d   Thumb Code     0  _printf_p.o(.ARM.Collect$$_printf_percent$$00000002)
    _printf_f                                0x00000137   Thumb Code     0  _printf_f.o(.ARM.Collect$$_printf_percent$$00000003)
    _printf_e                                0x00000141   Thumb Code     0  _printf_e.o(.ARM.Collect$$_printf_percent$$00000004)
    _printf_g                                0x0000014b   Thumb Code     0  _printf_g.o(.ARM.Collect$$_printf_percent$$00000005)
    _printf_a                                0x00000155   Thumb Code     0  _printf_a.o(.ARM.Collect$$_printf_percent$$00000006)
    _printf_ll                               0x0000015f   Thumb Code     0  _printf_ll.o(.ARM.Collect$$_printf_percent$$00000007)
    _printf_i                                0x00000169   Thumb Code     0  _printf_i.o(.ARM.Collect$$_printf_percent$$00000008)
    _printf_d                                0x00000173   Thumb Code     0  _printf_d.o(.ARM.Collect$$_printf_percent$$00000009)
    _printf_u                                0x0000017d   Thumb Code     0  _printf_u.o(.ARM.Collect$$_printf_percent$$0000000A)
    _printf_o                                0x00000187   Thumb Code     0  _printf_o.o(.ARM.Collect$$_printf_percent$$0000000B)
    _printf_x                                0x00000191   Thumb Code     0  _printf_x.o(.ARM.Collect$$_printf_percent$$0000000C)
    _printf_lli                              0x0000019b   Thumb Code     0  _printf_lli.o(.ARM.Collect$$_printf_percent$$0000000D)
    _printf_lld                              0x000001a5   Thumb Code     0  _printf_lld.o(.ARM.Collect$$_printf_percent$$0000000E)
    _printf_llu                              0x000001af   Thumb Code     0  _printf_llu.o(.ARM.Collect$$_printf_percent$$0000000F)
    _printf_llo                              0x000001b9   Thumb Code     0  _printf_llo.o(.ARM.Collect$$_printf_percent$$00000010)
    _printf_llx                              0x000001c3   Thumb Code     0  _printf_llx.o(.ARM.Collect$$_printf_percent$$00000011)
    _printf_l                                0x000001cd   Thumb Code     0  _printf_l.o(.ARM.Collect$$_printf_percent$$00000012)
    _printf_c                                0x000001d7   Thumb Code     0  _printf_c.o(.ARM.Collect$$_printf_percent$$00000013)
    _printf_s                                0x000001e1   Thumb Code     0  _printf_s.o(.ARM.Collect$$_printf_percent$$00000014)
    _printf_lc                               0x000001eb   Thumb Code     0  _printf_lc.o(.ARM.Collect$$_printf_percent$$00000015)
    _printf_ls                               0x000001f5   Thumb Code     0  _printf_ls.o(.ARM.Collect$$_printf_percent$$00000016)
    _printf_percent_end                      0x000001ff   Thumb Code     0  _printf_percent_end.o(.ARM.Collect$$_printf_percent$$00000017)
    __rt_lib_init                            0x00000203   Thumb Code     0  libinit.o(.ARM.Collect$$libinit$$00000000)
    __rt_lib_init_fp_1                       0x00000205   Thumb Code     0  libinit2.o(.ARM.Collect$$libinit$$00000002)
    __rt_lib_init_heap_1                     0x00000205   Thumb Code     0  libinit2.o(.ARM.Collect$$libinit$$0000000A)
    __rt_lib_init_lc_common                  0x00000205   Thumb Code     0  libinit2.o(.ARM.Collect$$libinit$$0000000F)
    __rt_lib_init_preinit_1                  0x00000205   Thumb Code     0  libinit2.o(.ARM.Collect$$libinit$$00000004)
    __rt_lib_init_rand_1                     0x00000205   Thumb Code     0  libinit2.o(.ARM.Collect$$libinit$$0000000E)
    __rt_lib_init_user_alloc_1               0x00000205   Thumb Code     0  libinit2.o(.ARM.Collect$$libinit$$0000000C)
    __rt_lib_init_lc_collate_1               0x0000020b   Thumb Code     0  libinit2.o(.ARM.Collect$$libinit$$00000011)
    __rt_lib_init_lc_ctype_2                 0x0000020b   Thumb Code     0  libinit2.o(.ARM.Collect$$libinit$$00000012)
    __rt_lib_init_lc_ctype_1                 0x00000217   Thumb Code     0  libinit2.o(.ARM.Collect$$libinit$$00000013)
    __rt_lib_init_lc_monetary_1              0x00000217   Thumb Code     0  libinit2.o(.ARM.Collect$$libinit$$00000015)
    __rt_lib_init_lc_numeric_2               0x00000217   Thumb Code     0  libinit2.o(.ARM.Collect$$libinit$$00000016)
    __rt_lib_init_alloca_1                   0x00000221   Thumb Code     0  libinit2.o(.ARM.Collect$$libinit$$0000002E)
    __rt_lib_init_argv_1                     0x00000221   Thumb Code     0  libinit2.o(.ARM.Collect$$libinit$$0000002C)
    __rt_lib_init_atexit_1                   0x00000221   Thumb Code     0  libinit2.o(.ARM.Collect$$libinit$$0000001B)
    __rt_lib_init_clock_1                    0x00000221   Thumb Code     0  libinit2.o(.ARM.Collect$$libinit$$00000021)
    __rt_lib_init_cpp_1                      0x00000221   Thumb Code     0  libinit2.o(.ARM.Collect$$libinit$$00000032)
    __rt_lib_init_exceptions_1               0x00000221   Thumb Code     0  libinit2.o(.ARM.Collect$$libinit$$00000030)
    __rt_lib_init_fp_trap_1                  0x00000221   Thumb Code     0  libinit2.o(.ARM.Collect$$libinit$$0000001F)
    __rt_lib_init_getenv_1                   0x00000221   Thumb Code     0  libinit2.o(.ARM.Collect$$libinit$$00000023)
    __rt_lib_init_lc_numeric_1               0x00000221   Thumb Code     0  libinit2.o(.ARM.Collect$$libinit$$00000017)
    __rt_lib_init_lc_time_1                  0x00000221   Thumb Code     0  libinit2.o(.ARM.Collect$$libinit$$00000019)
    __rt_lib_init_return                     0x00000221   Thumb Code     0  libinit2.o(.ARM.Collect$$libinit$$00000033)
    __rt_lib_init_signal_1                   0x00000221   Thumb Code     0  libinit2.o(.ARM.Collect$$libinit$$0000001D)
    __rt_lib_init_stdio_1                    0x00000221   Thumb Code     0  libinit2.o(.ARM.Collect$$libinit$$00000025)
    __rt_lib_shutdown                        0x00000223   Thumb Code     0  libshutdown.o(.ARM.Collect$$libshutdown$$00000000)
    __rt_lib_shutdown_cpp_1                  0x00000225   Thumb Code     0  libshutdown2.o(.ARM.Collect$$libshutdown$$00000002)
    __rt_lib_shutdown_fp_trap_1              0x00000225   Thumb Code     0  libshutdown2.o(.ARM.Collect$$libshutdown$$00000007)
    __rt_lib_shutdown_heap_1                 0x00000225   Thumb Code     0  libshutdown2.o(.ARM.Collect$$libshutdown$$0000000F)
    __rt_lib_shutdown_return                 0x00000225   Thumb Code     0  libshutdown2.o(.ARM.Collect$$libshutdown$$00000010)
    __rt_lib_shutdown_signal_1               0x00000225   Thumb Code     0  libshutdown2.o(.ARM.Collect$$libshutdown$$0000000A)
    __rt_lib_shutdown_stdio_1                0x00000225   Thumb Code     0  libshutdown2.o(.ARM.Collect$$libshutdown$$00000004)
    __rt_lib_shutdown_user_alloc_1           0x00000225   Thumb Code     0  libshutdown2.o(.ARM.Collect$$libshutdown$$0000000C)
    __rt_entry                               0x00000227   Thumb Code     0  __rtentry.o(.ARM.Collect$$rtentry$$00000000)
    __rt_entry_presh_1                       0x00000227   Thumb Code     0  __rtentry2.o(.ARM.Collect$$rtentry$$00000002)
    __rt_entry_sh                            0x00000227   Thumb Code     0  __rtentry4.o(.ARM.Collect$$rtentry$$00000004)
    __rt_entry_li                            0x0000022d   Thumb Code     0  __rtentry2.o(.ARM.Collect$$rtentry$$0000000A)
    __rt_entry_postsh_1                      0x0000022d   Thumb Code     0  __rtentry2.o(.ARM.Collect$$rtentry$$00000009)
    __rt_entry_main                          0x00000231   Thumb Code     0  __rtentry2.o(.ARM.Collect$$rtentry$$0000000D)
    __rt_entry_postli_1                      0x00000231   Thumb Code     0  __rtentry2.o(.ARM.Collect$$rtentry$$0000000C)
    __rt_exit                                0x00000239   Thumb Code     0  rtexit.o(.ARM.Collect$$rtexit$$00000000)
    __rt_exit_ls                             0x0000023b   Thumb Code     0  rtexit2.o(.ARM.Collect$$rtexit$$00000003)
    __rt_exit_prels_1                        0x0000023b   Thumb Code     0  rtexit2.o(.ARM.Collect$$rtexit$$00000002)
    __rt_exit_exit                           0x0000023f   Thumb Code     0  rtexit2.o(.ARM.Collect$$rtexit$$00000004)
    __aeabi_memcpy4                          0x00000245   Thumb Code    56  rt_memcpy.o(.emb_text)
    __aeabi_memcpy8                          0x00000245   Thumb Code     0  rt_memcpy.o(.emb_text)
    Reset_Handler                            0x0000027d   Thumb Code     8  startup_lpc11xx.o(.text)
    NMI_Handler                              0x00000285   Thumb Code     2  startup_lpc11xx.o(.text)
    HardFault_Handler                        0x00000287   Thumb Code     2  startup_lpc11xx.o(.text)
    SVC_Handler                              0x00000289   Thumb Code     2  startup_lpc11xx.o(.text)
    PendSV_Handler                           0x0000028b   Thumb Code     2  startup_lpc11xx.o(.text)
    SysTick_Handler                          0x0000028d   Thumb Code     2  startup_lpc11xx.o(.text)
    ADC_IRQHandler                           0x0000028f   Thumb Code     0  startup_lpc11xx.o(.text)
    BOD_IRQHandler                           0x0000028f   Thumb Code     0  startup_lpc11xx.o(.text)
    CAN_IRQHandler                           0x0000028f   Thumb Code     0  startup_lpc11xx.o(.text)
    FMC_IRQHandler                           0x0000028f   Thumb Code     0  startup_lpc11xx.o(.text)
    I2C_IRQHandler                           0x0000028f   Thumb Code     0  startup_lpc11xx.o(.text)
    PIOINT0_IRQHandler                       0x0000028f   Thumb Code     0  startup_lpc11xx.o(.text)
    PIOINT1_IRQHandler                       0x0000028f   Thumb Code     0  startup_lpc11xx.o(.text)
    PIOINT2_IRQHandler                       0x0000028f   Thumb Code     0  startup_lpc11xx.o(.text)
    PIOINT3_IRQHandler                       0x0000028f   Thumb Code     0  startup_lpc11xx.o(.text)
    SSP0_IRQHandler                          0x0000028f   Thumb Code     0  startup_lpc11xx.o(.text)
    SSP1_IRQHandler                          0x0000028f   Thumb Code     0  startup_lpc11xx.o(.text)
    TIMER16_0_IRQHandler                     0x0000028f   Thumb Code     0  startup_lpc11xx.o(.text)
    TIMER16_1_IRQHandler                     0x0000028f   Thumb Code     0  startup_lpc11xx.o(.text)
    TIMER32_0_IRQHandler                     0x0000028f   Thumb Code     0  startup_lpc11xx.o(.text)
    TIMER32_1_IRQHandler                     0x0000028f   Thumb Code     0  startup_lpc11xx.o(.text)
    UART_IRQHandler                          0x0000028f   Thumb Code     0  startup_lpc11xx.o(.text)
    USB_FIQHandler                           0x0000028f   Thumb Code     0  startup_lpc11xx.o(.text)
    USB_IRQHandler                           0x0000028f   Thumb Code     0  startup_lpc11xx.o(.text)
    WAKEUP_IRQHandler                        0x0000028f   Thumb Code     0  startup_lpc11xx.o(.text)
    WDT_IRQHandler                           0x0000028f   Thumb Code     0  startup_lpc11xx.o(.text)
    __user_initial_stackheap                 0x00000291   Thumb Code     0  startup_lpc11xx.o(.text)
    sprintf                                  0x000002b1   Thumb Code    40  sprintf.o(.text)
    __use_two_region_memory                  0x000002dd   Thumb Code     2  heapauxi.o(.text)
    __rt_heap_escrow$2region                 0x000002df   Thumb Code     2  heapauxi.o(.text)
    __rt_heap_expand$2region                 0x000002e1   Thumb Code     2  heapauxi.o(.text)
    _sputc                                   0x000002e3   Thumb Code    10  _sputc.o(.text)
    __rt_ctype_table                         0x000002ed   Thumb Code    16  rt_ctype_table.o(.text)
    __aeabi_uidiv                            0x00000301   Thumb Code     0  aeabi_sdiv.o(.text)
    __aeabi_uidivmod                         0x00000301   Thumb Code    20  aeabi_sdiv.o(.text)
    __aeabi_idiv                             0x00000315   Thumb Code     0  aeabi_sdiv.o(.text)
    __aeabi_idivmod                          0x00000315   Thumb Code   326  aeabi_sdiv.o(.text)
    __aeabi_fdiv                             0x0000045d   Thumb Code     0  fdiv.o(.text)
    _fdiv                                    0x0000045d   Thumb Code   334  fdiv.o(.text)
    _frdiv                                   0x000005ab   Thumb Code     8  fdiv.o(.text)
    __aeabi_f2uiz                            0x000005bd   Thumb Code     0  ffixui.o(.text)
    _ffixu                                   0x000005bd   Thumb Code    48  ffixui.o(.text)
    __aeabi_i2f_normalise                    0x000005ed   Thumb Code    72  fflti.o(.text)
    __aeabi_i2f                              0x00000635   Thumb Code    16  fflti.o(.text)
    _fflt                                    0x00000635   Thumb Code     0  fflti.o(.text)
    __aeabi_ui2f                             0x00000645   Thumb Code     6  fflti.o(.text)
    _ffltu                                   0x00000645   Thumb Code     0  fflti.o(.text)
    _printf_pre_padding                      0x0000064b   Thumb Code    44  _printf_pad.o(.text)
    _printf_post_padding                     0x00000677   Thumb Code    34  _printf_pad.o(.text)
    _printf_truncate_signed                  0x00000699   Thumb Code    18  _printf_truncate.o(.text)
    _printf_truncate_unsigned                0x000006ab   Thumb Code    18  _printf_truncate.o(.text)
    _printf_str                              0x000006bd   Thumb Code    82  _printf_str.o(.text)
    _printf_int_dec                          0x00000711   Thumb Code    90  _printf_dec.o(.text)
    _printf_charcount                        0x0000077d   Thumb Code    38  _printf_charcount.o(.text)
    _printf_char_common                      0x000007af   Thumb Code    32  _printf_char_common.o(.text)
    _printf_wctomb                           0x000007d5   Thumb Code   182  _printf_wctomb.o(.text)
    _printf_longlong_dec                     0x00000891   Thumb Code    94  _printf_longlong_dec.o(.text)
    _printf_longlong_oct                     0x00000901   Thumb Code    68  _printf_oct_int_ll.o(.text)
    _printf_int_oct                          0x00000945   Thumb Code    24  _printf_oct_int_ll.o(.text)
    _printf_ll_oct                           0x0000095d   Thumb Code    10  _printf_oct_int_ll.o(.text)
    _printf_longlong_hex                     0x00000971   Thumb Code    88  _printf_hex_int_ll_ptr.o(.text)
    _printf_int_hex                          0x000009c9   Thumb Code    28  _printf_hex_int_ll_ptr.o(.text)
    _printf_ll_hex                           0x000009e5   Thumb Code    10  _printf_hex_int_ll_ptr.o(.text)
    _printf_hex_ptr                          0x000009ef   Thumb Code    22  _printf_hex_int_ll_ptr.o(.text)
    __printf                                 0x00000a09   Thumb Code   386  __printf_flags_ss_wp.o(.text)
    _ll_udiv10                               0x00000b91   Thumb Code   122  lludiv10.o(.text)
    _printf_int_common                       0x00000c0b   Thumb Code   176  _printf_intcommon.o(.text)
    __lib_sel_fp_printf                      0x00000cbd   Thumb Code     2  _printf_fp_dec.o(.text)
    _printf_fp_dec_real                      0x00000e57   Thumb Code   620  _printf_fp_dec.o(.text)
    _printf_fp_hex_real                      0x000010d1   Thumb Code   718  _printf_fp_hex.o(.text)
    _printf_cs_common                        0x000013a9   Thumb Code    22  _printf_char.o(.text)
    _printf_char                             0x000013bf   Thumb Code    16  _printf_char.o(.text)
    _printf_string                           0x000013cf   Thumb Code     8  _printf_char.o(.text)
    _printf_lcs_common                       0x000013d7   Thumb Code    22  _printf_wchar.o(.text)
    _printf_wchar                            0x000013ed   Thumb Code    16  _printf_wchar.o(.text)
    _printf_wstring                          0x000013fd   Thumb Code     8  _printf_wchar.o(.text)
    _wcrtomb                                 0x00001405   Thumb Code    64  _wcrtomb.o(.text)
    __rt_udiv10                              0x00001445   Thumb Code    40  rtudiv10.o(.text)
    __user_setup_stackheap                   0x0000146d   Thumb Code    62  sys_stackheap_outer.o(.text)
    __rt_locale                              0x000014ad   Thumb Code     8  rt_locale_intlibspace.o(.text)
    _printf_fp_infnan                        0x000014b5   Thumb Code   120  _printf_fp_infnan.o(.text)
    _btod_etento                             0x0000153d   Thumb Code   196  bigflt0.o(.text)
    _btod_d2e                                0x00001605   Thumb Code    64  btod.o(.text)
    _btod_emul                               0x000019fb   Thumb Code    24  btod.o(.text)
    _btod_emuld                              0x00001a13   Thumb Code    60  btod.o(.text)
    _btod_ediv                               0x00001a4f   Thumb Code    22  btod.o(.text)
    _btod_edivd                              0x00001a65   Thumb Code    60  btod.o(.text)
    exit                                     0x00001aad   Thumb Code    16  exit.o(.text)
    __user_libspace                          0x00001abd   Thumb Code     8  libspace.o(.text)
    __user_perproc_libspace                  0x00001abd   Thumb Code     0  libspace.o(.text)
    __user_perthread_libspace                0x00001abd   Thumb Code     0  libspace.o(.text)
    strcmp                                   0x00001ac5   Thumb Code   132  strcmp.o(.text)
    _sys_exit                                0x00001b4d   Thumb Code     8  sys_exit.o(.text)
    __I$use$semihosting                      0x00001b59   Thumb Code     0  use_no_semi.o(.text)
    __use_no_semihosting_swi                 0x00001b59   Thumb Code     2  use_no_semi.o(.text)
    __decompress                             0x00001b5b   Thumb Code     0  __dclz77c.o(.text)
    __decompress2                            0x00001b5b   Thumb Code    96  __dclz77c.o(.text)
    __semihosting_library_function           0x00001b5b   Thumb Code     0  indicate_semi.o(.text)
    ADC_Init                                 0x00001bbd   Thumb Code    90  adc.o(i.ADC_Init)
    Draw_Logo                                0x00001c31   Thumb Code    50  oled.o(i.Draw_Logo)
    KEY_Service                              0x00001c69   Thumb Code    96  ui.o(i.KEY_Service)
    Main_Menu                                0x00001cd1   Thumb Code   330  ui.o(i.Main_Menu)
    Main_UI                                  0x00001e8d   Thumb Code   304  ui.o(i.Main_UI)
    OLED_CLS                                 0x00002015   Thumb Code    56  oled.o(i.OLED_CLS)
    OLED_Fill                                0x0000204d   Thumb Code    58  oled.o(i.OLED_Fill)
    OLED_Init                                0x00002089   Thumb Code   282  oled.o(i.OLED_Init)
    OLED_P14x16Str                           0x000021b1   Thumb Code   242  oled.o(i.OLED_P14x16Str)
    OLED_P6x8Str                             0x000022ad   Thumb Code    92  oled.o(i.OLED_P6x8Str)
    OLED_Print                               0x0000230d   Thumb Code    96  oled.o(i.OLED_Print)
    OLED_PrintNum                            0x0000236d   Thumb Code    34  oled.o(i.OLED_PrintNum)
    OLED_Set_Pos                             0x00002395   Thumb Code    46  oled.o(i.OLED_Set_Pos)
    OLED_WrCmd                               0x000023c5   Thumb Code   102  oled.o(i.OLED_WrCmd)
    OLED_WrDat                               0x00002431   Thumb Code   102  oled.o(i.OLED_WrDat)
    SystemInit                               0x0000249d   Thumb Code   150  system_lpc11xx.o(i.SystemInit)
    System_Init                              0x0000253d   Thumb Code     2  init.o(i.System_Init)
    UART_Init                                0x00002541   Thumb Code   152  uart.o(i.UART_Init)
    UART_SendByte                            0x000025e9   Thumb Code    20  uart.o(i.UART_SendByte)
    UART_SendStr                             0x00002601   Thumb Code    28  uart.o(i.UART_SendStr)
    __ARM_common_ll_muluu                    0x0000261d   Thumb Code    48  btod.o(i.__ARM_common_ll_muluu)
    __ARM_fpclassify                         0x0000264d   Thumb Code    40  fpclassify.o(i.__ARM_fpclassify)
    _is_digit                                0x00002679   Thumb Code    14  __printf_wp.o(i._is_digit)
    delay                                    0x00002689   Thumb Code    14  delay.o(i.delay)
    key_init                                 0x0000269d   Thumb Code    50  key.o(i.key_init)
    main                                     0x000026d5   Thumb Code    32  main.o(i.main)
    temp                                     0x000026f5   Thumb Code   468  temp.o(i.temp)
    _get_lc_numeric                          0x00002925   Thumb Code    44  lc_numeric_c.o(locale$$code)
    _get_lc_ctype                            0x00002951   Thumb Code    44  lc_ctype_c.o(locale$$code)
    __aeabi_fadd                             0x0000297d   Thumb Code     0  faddsub.o(x$fpl$fadd)
    _fadd                                    0x0000297d   Thumb Code   134  faddsub.o(x$fpl$fadd)
    __aeabi_fsub                             0x00002a09   Thumb Code     0  faddsub.o(x$fpl$fsub)
    _fsub                                    0x00002a09   Thumb Code   204  faddsub.o(x$fpl$fsub)
    _printf_fp_dec                           0x00002ad9   Thumb Code    16  printf1.o(x$fpl$printf1)
    _printf_fp_hex                           0x00002ae9   Thumb Code    16  printf2.o(x$fpl$printf2)
    F6x8                                     0x00002af8   Data         552  oled.o(.constdata)
    __I$use$fp                               0x00002af8   Number         0  usenofp.o(x$fpl$usenofp)
    F8X16                                    0x00002d20   Data        1520  oled.o(.constdata)
    Region$$Table$$Base                      0x0000344c   Number         0  anon$$obj.o(Region$$Table)
    Region$$Table$$Limit                     0x0000346c   Number         0  anon$$obj.o(Region$$Table)
    __ctype                                  0x00003495   Data           0  lc_ctype_c.o(locale$$data)
    templogo                                 0x10000000   Data         128  oled.o(.data)
    wetlogo                                  0x10000080   Data         128  oled.o(.data)
    wet2logo                                 0x10000100   Data         128  oled.o(.data)
    wet3logo                                 0x10000180   Data         128  oled.o(.data)
    setlogo                                  0x10000200   Data         128  oled.o(.data)
    aboutlogo                                0x10000280   Data         128  oled.o(.data)
    locklogo                                 0x10000300   Data         128  oled.o(.data)
    sleeplargelogo                           0x10000380   Data         288  oled.o(.data)
    sleepsmalllogo                           0x100004a0   Data         128  oled.o(.data)
    setpdlogo                                0x10000520   Data         128  oled.o(.data)
    settemplogo                              0x100005a0   Data         128  oled.o(.data)
    setwetlogo                               0x10000620   Data         128  oled.o(.data)
    cho1                                     0x100006a0   Data          48  oled.o(.data)
    cho2                                     0x100006d0   Data          48  oled.o(.data)
    cho3                                     0x10000700   Data          48  oled.o(.data)
    cho4                                     0x10000730   Data          48  oled.o(.data)
    cho5                                     0x10000760   Data          48  oled.o(.data)
    cho6                                     0x10000790   Data          48  oled.o(.data)
    F14x16_Idx                               0x100007c0   Data          19  oled.o(.data)
    F14x16                                   0x100007d3   Data         252  oled.o(.data)
    LOGO_Phantom                             0x100008cf   Data         384  oled.o(.data)
    LOGO_DNUI                                0x10000a4f   Data         512  oled.o(.data)
    ulADCData                                0x10000c50   Data           4  ui.o(.data)
    AR                                       0x10000c56   Data           3  ui.o(.data)
    AC                                       0x10000c59   Data           3  ui.o(.data)
    a                                        0x10000c5c   Data           2  ui.o(.data)
    t                                        0x10000c64   Data           4  temp.o(.data)
    k                                        0x10000c68   Data           4  temp.o(.data)
    temp_value                               0x10000c6c   Data           4  temp.o(.data)
    SystemCoreClock                          0x10000c70   Data           4  system_lpc11xx.o(.data)
    GcRcvBuf                                 0x10000c74   Data          20  ui.o(.bss)
    __libspace_start                         0x10000c88   Data          96  libspace.o(.bss)
    __temporary_stack_top$libspace           0x10000ce8   Data           0  libspace.o(.bss)



==============================================================================

Memory Map of the image

  Image Entry point : 0x0000027d

  Load Region LR_1 (Base: 0x00000000, Size: 0x0000420c, Max: 0xffffffff, ABSOLUTE, COMPRESSED[0x00003ba0])

    Execution Region ER_RO (Base: 0x00000000, Size: 0x00003598, Max: 0xffffffff, ABSOLUTE)

    Base Addr    Size         Type   Attr      Idx    E Section Name        Object

    0x00000000   0x000000c0   Data   RO          418    RESET               startup_lpc11xx.o
    0x000000c0   0x00000008   Code   RO          474  * !!!main             c_p.l(__main.o)
    0x000000c8   0x0000003c   Code   RO          806    !!!scatter          c_p.l(__scatter.o)
    0x00000104   0x0000001c   Code   RO          808    !!handler_zi        c_p.l(__scatter_zi.o)
    0x00000120   0x00000002   Code   RO          575    .ARM.Collect$$_printf_percent$$00000000  c_p.l(_printf_percent.o)
    0x00000122   0x0000000a   Code   RO          564    .ARM.Collect$$_printf_percent$$00000001  c_p.l(_printf_n.o)
    0x0000012c   0x0000000a   Code   RO          566    .ARM.Collect$$_printf_percent$$00000002  c_p.l(_printf_p.o)
    0x00000136   0x0000000a   Code   RO          571    .ARM.Collect$$_printf_percent$$00000003  c_p.l(_printf_f.o)
    0x00000140   0x0000000a   Code   RO          572    .ARM.Collect$$_printf_percent$$00000004  c_p.l(_printf_e.o)
    0x0000014a   0x0000000a   Code   RO          573    .ARM.Collect$$_printf_percent$$00000005  c_p.l(_printf_g.o)
    0x00000154   0x0000000a   Code   RO          574    .ARM.Collect$$_printf_percent$$00000006  c_p.l(_printf_a.o)
    0x0000015e   0x0000000a   Code   RO          579    .ARM.Collect$$_printf_percent$$00000007  c_p.l(_printf_ll.o)
    0x00000168   0x0000000a   Code   RO          568    .ARM.Collect$$_printf_percent$$00000008  c_p.l(_printf_i.o)
    0x00000172   0x0000000a   Code   RO          569    .ARM.Collect$$_printf_percent$$00000009  c_p.l(_printf_d.o)
    0x0000017c   0x0000000a   Code   RO          570    .ARM.Collect$$_printf_percent$$0000000A  c_p.l(_printf_u.o)
    0x00000186   0x0000000a   Code   RO          567    .ARM.Collect$$_printf_percent$$0000000B  c_p.l(_printf_o.o)
    0x00000190   0x0000000a   Code   RO          565    .ARM.Collect$$_printf_percent$$0000000C  c_p.l(_printf_x.o)
    0x0000019a   0x0000000a   Code   RO          576    .ARM.Collect$$_printf_percent$$0000000D  c_p.l(_printf_lli.o)
    0x000001a4   0x0000000a   Code   RO          577    .ARM.Collect$$_printf_percent$$0000000E  c_p.l(_printf_lld.o)
    0x000001ae   0x0000000a   Code   RO          578    .ARM.Collect$$_printf_percent$$0000000F  c_p.l(_printf_llu.o)
    0x000001b8   0x0000000a   Code   RO          583    .ARM.Collect$$_printf_percent$$00000010  c_p.l(_printf_llo.o)
    0x000001c2   0x0000000a   Code   RO          584    .ARM.Collect$$_printf_percent$$00000011  c_p.l(_printf_llx.o)
    0x000001cc   0x0000000a   Code   RO          580    .ARM.Collect$$_printf_percent$$00000012  c_p.l(_printf_l.o)
    0x000001d6   0x0000000a   Code   RO          562    .ARM.Collect$$_printf_percent$$00000013  c_p.l(_printf_c.o)
    0x000001e0   0x0000000a   Code   RO          563    .ARM.Collect$$_printf_percent$$00000014  c_p.l(_printf_s.o)
    0x000001ea   0x0000000a   Code   RO          581    .ARM.Collect$$_printf_percent$$00000015  c_p.l(_printf_lc.o)
    0x000001f4   0x0000000a   Code   RO          582    .ARM.Collect$$_printf_percent$$00000016  c_p.l(_printf_ls.o)
    0x000001fe   0x00000004   Code   RO          626    .ARM.Collect$$_printf_percent$$00000017  c_p.l(_printf_percent_end.o)
    0x00000202   0x00000002   Code   RO          664    .ARM.Collect$$libinit$$00000000  c_p.l(libinit.o)
    0x00000204   0x00000000   Code   RO          687    .ARM.Collect$$libinit$$00000002  c_p.l(libinit2.o)
    0x00000204   0x00000000   Code   RO          689    .ARM.Collect$$libinit$$00000004  c_p.l(libinit2.o)
    0x00000204   0x00000000   Code   RO          692    .ARM.Collect$$libinit$$0000000A  c_p.l(libinit2.o)
    0x00000204   0x00000000   Code   RO          694    .ARM.Collect$$libinit$$0000000C  c_p.l(libinit2.o)
    0x00000204   0x00000000   Code   RO          696    .ARM.Collect$$libinit$$0000000E  c_p.l(libinit2.o)
    0x00000204   0x00000006   Code   RO          697    .ARM.Collect$$libinit$$0000000F  c_p.l(libinit2.o)
    0x0000020a   0x00000000   Code   RO          699    .ARM.Collect$$libinit$$00000011  c_p.l(libinit2.o)
    0x0000020a   0x0000000c   Code   RO          700    .ARM.Collect$$libinit$$00000012  c_p.l(libinit2.o)
    0x00000216   0x00000000   Code   RO          701    .ARM.Collect$$libinit$$00000013  c_p.l(libinit2.o)
    0x00000216   0x00000000   Code   RO          703    .ARM.Collect$$libinit$$00000015  c_p.l(libinit2.o)
    0x00000216   0x0000000a   Code   RO          704    .ARM.Collect$$libinit$$00000016  c_p.l(libinit2.o)
    0x00000220   0x00000000   Code   RO          705    .ARM.Collect$$libinit$$00000017  c_p.l(libinit2.o)
    0x00000220   0x00000000   Code   RO          707    .ARM.Collect$$libinit$$00000019  c_p.l(libinit2.o)
    0x00000220   0x00000000   Code   RO          709    .ARM.Collect$$libinit$$0000001B  c_p.l(libinit2.o)
    0x00000220   0x00000000   Code   RO          711    .ARM.Collect$$libinit$$0000001D  c_p.l(libinit2.o)
    0x00000220   0x00000000   Code   RO          713    .ARM.Collect$$libinit$$0000001F  c_p.l(libinit2.o)
    0x00000220   0x00000000   Code   RO          715    .ARM.Collect$$libinit$$00000021  c_p.l(libinit2.o)
    0x00000220   0x00000000   Code   RO          717    .ARM.Collect$$libinit$$00000023  c_p.l(libinit2.o)
    0x00000220   0x00000000   Code   RO          719    .ARM.Collect$$libinit$$00000025  c_p.l(libinit2.o)
    0x00000220   0x00000000   Code   RO          723    .ARM.Collect$$libinit$$0000002C  c_p.l(libinit2.o)
    0x00000220   0x00000000   Code   RO          725    .ARM.Collect$$libinit$$0000002E  c_p.l(libinit2.o)
    0x00000220   0x00000000   Code   RO          727    .ARM.Collect$$libinit$$00000030  c_p.l(libinit2.o)
    0x00000220   0x00000000   Code   RO          729    .ARM.Collect$$libinit$$00000032  c_p.l(libinit2.o)
    0x00000220   0x00000002   Code   RO          730    .ARM.Collect$$libinit$$00000033  c_p.l(libinit2.o)
    0x00000222   0x00000002   Code   RO          761    .ARM.Collect$$libshutdown$$00000000  c_p.l(libshutdown.o)
    0x00000224   0x00000000   Code   RO          787    .ARM.Collect$$libshutdown$$00000002  c_p.l(libshutdown2.o)
    0x00000224   0x00000000   Code   RO          789    .ARM.Collect$$libshutdown$$00000004  c_p.l(libshutdown2.o)
    0x00000224   0x00000000   Code   RO          792    .ARM.Collect$$libshutdown$$00000007  c_p.l(libshutdown2.o)
    0x00000224   0x00000000   Code   RO          795    .ARM.Collect$$libshutdown$$0000000A  c_p.l(libshutdown2.o)
    0x00000224   0x00000000   Code   RO          797    .ARM.Collect$$libshutdown$$0000000C  c_p.l(libshutdown2.o)
    0x00000224   0x00000000   Code   RO          800    .ARM.Collect$$libshutdown$$0000000F  c_p.l(libshutdown2.o)
    0x00000224   0x00000002   Code   RO          801    .ARM.Collect$$libshutdown$$00000010  c_p.l(libshutdown2.o)
    0x00000226   0x00000000   Code   RO          489    .ARM.Collect$$rtentry$$00000000  c_p.l(__rtentry.o)
    0x00000226   0x00000000   Code   RO          595    .ARM.Collect$$rtentry$$00000002  c_p.l(__rtentry2.o)
    0x00000226   0x00000006   Code   RO          607    .ARM.Collect$$rtentry$$00000004  c_p.l(__rtentry4.o)
    0x0000022c   0x00000000   Code   RO          597    .ARM.Collect$$rtentry$$00000009  c_p.l(__rtentry2.o)
    0x0000022c   0x00000004   Code   RO          598    .ARM.Collect$$rtentry$$0000000A  c_p.l(__rtentry2.o)
    0x00000230   0x00000000   Code   RO          600    .ARM.Collect$$rtentry$$0000000C  c_p.l(__rtentry2.o)
    0x00000230   0x00000008   Code   RO          601    .ARM.Collect$$rtentry$$0000000D  c_p.l(__rtentry2.o)
    0x00000238   0x00000002   Code   RO          673    .ARM.Collect$$rtexit$$00000000  c_p.l(rtexit.o)
    0x0000023a   0x00000000   Code   RO          734    .ARM.Collect$$rtexit$$00000002  c_p.l(rtexit2.o)
    0x0000023a   0x00000004   Code   RO          735    .ARM.Collect$$rtexit$$00000003  c_p.l(rtexit2.o)
    0x0000023e   0x00000006   Code   RO          736    .ARM.Collect$$rtexit$$00000004  c_p.l(rtexit2.o)
    0x00000244   0x00000038   Code   RO          464    .emb_text           c_p.l(rt_memcpy.o)
    0x0000027c   0x00000034   Code   RO          420  * .text               startup_lpc11xx.o
    0x000002b0   0x0000002c   Code   RO          462    .text               c_p.l(sprintf.o)
    0x000002dc   0x00000006   Code   RO          472    .text               c_p.l(heapauxi.o)
    0x000002e2   0x0000000a   Code   RO          508    .text               c_p.l(_sputc.o)
    0x000002ec   0x00000010   Code   RO          634    .text               c_p.l(rt_ctype_table.o)
    0x000002fc   0x00000004   Code   RO          419    .ARM.__at_0x02FC    startup_lpc11xx.o
    0x00000300   0x0000015a   Code   RO          468    .text               c_p.l(aeabi_sdiv.o)
    0x0000045a   0x00000002   PAD
    0x0000045c   0x00000160   Code   RO          482    .text               fz_ps.l(fdiv.o)
    0x000005bc   0x00000030   Code   RO          485    .text               fz_ps.l(ffixui.o)
    0x000005ec   0x0000005e   Code   RO          487    .text               fz_ps.l(fflti.o)
    0x0000064a   0x0000004e   Code   RO          496    .text               c_p.l(_printf_pad.o)
    0x00000698   0x00000024   Code   RO          498    .text               c_p.l(_printf_truncate.o)
    0x000006bc   0x00000052   Code   RO          500    .text               c_p.l(_printf_str.o)
    0x0000070e   0x00000002   PAD
    0x00000710   0x0000006c   Code   RO          502    .text               c_p.l(_printf_dec.o)
    0x0000077c   0x00000026   Code   RO          504    .text               c_p.l(_printf_charcount.o)
    0x000007a2   0x00000002   PAD
    0x000007a4   0x00000030   Code   RO          506    .text               c_p.l(_printf_char_common.o)
    0x000007d4   0x000000bc   Code   RO          510    .text               c_p.l(_printf_wctomb.o)
    0x00000890   0x00000070   Code   RO          513    .text               c_p.l(_printf_longlong_dec.o)
    0x00000900   0x00000070   Code   RO          519    .text               c_p.l(_printf_oct_int_ll.o)
    0x00000970   0x00000098   Code   RO          539    .text               c_p.l(_printf_hex_int_ll_ptr.o)
    0x00000a08   0x00000188   Code   RO          559    .text               c_p.l(__printf_flags_ss_wp.o)
    0x00000b90   0x0000007a   Code   RO          611    .text               c_p.l(lludiv10.o)
    0x00000c0a   0x000000b0   Code   RO          613    .text               c_p.l(_printf_intcommon.o)
    0x00000cba   0x00000002   PAD
    0x00000cbc   0x00000414   Code   RO          615    .text               c_p.l(_printf_fp_dec.o)
    0x000010d0   0x000002d8   Code   RO          617    .text               c_p.l(_printf_fp_hex.o)
    0x000013a8   0x0000002e   Code   RO          622    .text               c_p.l(_printf_char.o)
    0x000013d6   0x0000002e   Code   RO          624    .text               c_p.l(_printf_wchar.o)
    0x00001404   0x00000040   Code   RO          627    .text               c_p.l(_wcrtomb.o)
    0x00001444   0x00000028   Code   RO          629    .text               c_p.l(rtudiv10.o)
    0x0000146c   0x0000003e   Code   RO          631    .text               c_p.l(sys_stackheap_outer.o)
    0x000014aa   0x00000002   PAD
    0x000014ac   0x00000008   Code   RO          639    .text               c_p.l(rt_locale_intlibspace.o)
    0x000014b4   0x00000088   Code   RO          641    .text               c_p.l(_printf_fp_infnan.o)
    0x0000153c   0x000000c8   Code   RO          643    .text               c_p.l(bigflt0.o)
    0x00001604   0x000004a8   Code   RO          646    .text               c_p.l(btod.o)
    0x00001aac   0x00000010   Code   RO          653    .text               c_p.l(exit.o)
    0x00001abc   0x00000008   Code   RO          669    .text               c_p.l(libspace.o)
    0x00001ac4   0x00000088   Code   RO          684    .text               c_p.l(strcmp.o)
    0x00001b4c   0x0000000c   Code   RO          731    .text               c_p.l(sys_exit.o)
    0x00001b58   0x00000002   Code   RO          750    .text               c_p.l(use_no_semi.o)
    0x00001b5a   0x00000000   Code   RO          752    .text               c_p.l(indicate_semi.o)
    0x00001b5a   0x00000060   Code   RO          804    .text               c_p.l(__dclz77c.o)
    0x00001bba   0x00000002   PAD
    0x00001bbc   0x00000074   Code   RO          238    i.ADC_Init          adc.o
    0x00001c30   0x00000038   Code   RO           79    i.Draw_Logo         oled.o
    0x00001c68   0x00000068   Code   RO          296    i.KEY_Service       ui.o
    0x00001cd0   0x000001bc   Code   RO          297    i.Main_Menu         ui.o
    0x00001e8c   0x00000188   Code   RO          298    i.Main_UI           ui.o
    0x00002014   0x00000038   Code   RO           81    i.OLED_CLS          oled.o
    0x0000204c   0x0000003a   Code   RO           83    i.OLED_Fill         oled.o
    0x00002086   0x00000002   PAD
    0x00002088   0x00000128   Code   RO           85    i.OLED_Init         oled.o
    0x000021b0   0x000000fc   Code   RO           86    i.OLED_P14x16Str    oled.o
    0x000022ac   0x00000060   Code   RO           87    i.OLED_P6x8Str      oled.o
    0x0000230c   0x00000060   Code   RO           89    i.OLED_Print        oled.o
    0x0000236c   0x00000028   Code   RO           90    i.OLED_PrintNum     oled.o
    0x00002394   0x0000002e   Code   RO           93    i.OLED_Set_Pos      oled.o
    0x000023c2   0x00000002   PAD
    0x000023c4   0x0000006c   Code   RO           94    i.OLED_WrCmd        oled.o
    0x00002430   0x0000006c   Code   RO           95    i.OLED_WrDat        oled.o
    0x0000249c   0x000000a0   Code   RO          429    i.SystemInit        system_lpc11xx.o
    0x0000253c   0x00000002   Code   RO          398    i.System_Init       init.o
    0x0000253e   0x00000002   PAD
    0x00002540   0x000000a8   Code   RO          258    i.UART_Init         uart.o
    0x000025e8   0x00000018   Code   RO          259    i.UART_SendByte     uart.o
    0x00002600   0x0000001c   Code   RO          260    i.UART_SendStr      uart.o
    0x0000261c   0x00000030   Code   RO          648    i.__ARM_common_ll_muluu  c_p.l(btod.o)
    0x0000264c   0x0000002c   Code   RO          667    i.__ARM_fpclassify  m_ps.l(fpclassify.o)
    0x00002678   0x0000000e   Code   RO          552    i._is_digit         c_p.l(__printf_wp.o)
    0x00002686   0x00000002   PAD
    0x00002688   0x00000014   Code   RO          218    i.delay             delay.o
    0x0000269c   0x00000038   Code   RO          373    i.key_init          key.o
    0x000026d4   0x00000020   Code   RO            3    i.main              main.o
    0x000026f4   0x00000230   Code   RO          344    i.temp              temp.o
    0x00002924   0x0000002c   Code   RO          651    locale$$code        c_p.l(lc_numeric_c.o)
    0x00002950   0x0000002c   Code   RO          678    locale$$code        c_p.l(lc_ctype_c.o)
    0x0000297c   0x0000008c   Code   RO          476    x$fpl$fadd          fz_ps.l(faddsub.o)
    0x00002a08   0x000000d0   Code   RO          478    x$fpl$fsub          fz_ps.l(faddsub.o)
    0x00002ad8   0x00000010   Code   RO          585    x$fpl$printf1       fz_ps.l(printf1.o)
    0x00002ae8   0x00000010   Code   RO          587    x$fpl$printf2       fz_ps.l(printf2.o)
    0x00002af8   0x00000000   Code   RO          593    x$fpl$usenofp       fz_ps.l(usenofp.o)
    0x00002af8   0x00000818   Data   RO           98    .constdata          oled.o
    0x00003310   0x00000040   Data   RO          483    .constdata          fz_ps.l(fdiv.o)
    0x00003350   0x00000008   Data   RO          511    .constdata          c_p.l(_printf_wctomb.o)
    0x00003358   0x00000028   Data   RO          540    .constdata          c_p.l(_printf_hex_int_ll_ptr.o)
    0x00003380   0x00000011   Data   RO          560    .constdata          c_p.l(__printf_flags_ss_wp.o)
    0x00003391   0x00000026   Data   RO          618    .constdata          c_p.l(_printf_fp_hex.o)
    0x000033b7   0x00000001   PAD
    0x000033b8   0x00000094   Data   RO          644    .constdata          c_p.l(bigflt0.o)
    0x0000344c   0x00000020   Data   RO          802    Region$$Table       anon$$obj.o
    0x0000346c   0x0000001c   Data   RO          650    locale$$data        c_p.l(lc_numeric_c.o)
    0x00003488   0x00000110   Data   RO          677    locale$$data        c_p.l(lc_ctype_c.o)


    Execution Region ER_RW (Base: 0x10000000, Size: 0x00000c74, Max: 0xffffffff, ABSOLUTE, COMPRESSED[0x00000608])

    Base Addr    Size         Type   Attr      Idx    E Section Name        Object

    0x10000000   0x00000c4f   Data   RW           99    .data               oled.o
    0x10000c4f   0x00000001   PAD
    0x10000c50   0x0000000e   Data   RW          300    .data               ui.o
    0x10000c5e   0x00000002   PAD
    0x10000c60   0x00000010   Data   RW          345    .data               temp.o
    0x10000c70   0x00000004   Data   RW          430    .data               system_lpc11xx.o


    Execution Region ER_ZI (Base: 0x10000c74, Size: 0x00000274, Max: 0xffffffff, ABSOLUTE)

    Base Addr    Size         Type   Attr      Idx    E Section Name        Object

    0x10000c74   0x00000014   Zero   RW          299    .bss                ui.o
    0x10000c88   0x00000060   Zero   RW          670    .bss                c_p.l(libspace.o)
    0x10000ce8   0x00000000   Zero   RW          417    HEAP                startup_lpc11xx.o
    0x10000ce8   0x00000200   Zero   RW          416    STACK               startup_lpc11xx.o


==============================================================================

Image component sizes


      Code (inc. data)   RO Data    RW Data    ZI Data      Debug   Object Name

       116         26          0          0          0        383   adc.o
        20          6          0          0          0        360   delay.o
         2          0          0          0          0        346   init.o
        56          6          0          0          0        355   key.o
        32          0          0          0          0       4939   main.o
      1212         52       2072       3151          0       7976   oled.o
        56         26        192          0        512        836   startup_lpc11xx.o
       160         10          0          4          0       1863   system_lpc11xx.o
       560         92          0         16          0        964   temp.o
       220         20          0          0          0       1295   uart.o
       940        210          0         14         20       2593   ui.o

    ----------------------------------------------------------------------
      3380        448       2296       3188        532      21910   Object Totals
         0          0         32          0          0          0   (incl. Generated)
         6          0          0          3          0          0   (incl. Padding)

    ----------------------------------------------------------------------

      Code (inc. data)   RO Data    RW Data    ZI Data      Debug   Library Member Name

        96          0          0          0          0          0   __dclz77c.o
         8          0          0          0          0         68   __main.o
       392          6         17          0          0         76   __printf_flags_ss_wp.o
        14          0          0          0          0         60   __printf_wp.o
         0          0          0          0          0          0   __rtentry.o
        12          0          0          0          0          0   __rtentry2.o
         6          0          0          0          0          0   __rtentry4.o
        60          8          0          0          0          0   __scatter.o
        28          0          0          0          0          0   __scatter_zi.o
        10          0          0          0          0          0   _printf_a.o
        10          0          0          0          0          0   _printf_c.o
        46          0          0          0          0        100   _printf_char.o
        48          6          0          0          0         88   _printf_char_common.o
        38          0          0          0          0         60   _printf_charcount.o
        10          0          0          0          0          0   _printf_d.o
       108         18          0          0          0         76   _printf_dec.o
        10          0          0          0          0          0   _printf_e.o
        10          0          0          0          0          0   _printf_f.o
      1044         14          0          0          0        176   _printf_fp_dec.o
       728         10         38          0          0         84   _printf_fp_hex.o
       136         16          0          0          0         76   _printf_fp_infnan.o
        10          0          0          0          0          0   _printf_g.o
       152          4         40          0          0        148   _printf_hex_int_ll_ptr.o
        10          0          0          0          0          0   _printf_i.o
       176          0          0          0          0         84   _printf_intcommon.o
        10          0          0          0          0          0   _printf_l.o
        10          0          0          0          0          0   _printf_lc.o
        10          0          0          0          0          0   _printf_ll.o
        10          0          0          0          0          0   _printf_lld.o
        10          0          0          0          0          0   _printf_lli.o
        10          0          0          0          0          0   _printf_llo.o
        10          0          0          0          0          0   _printf_llu.o
        10          0          0          0          0          0   _printf_llx.o
       112         18          0          0          0         76   _printf_longlong_dec.o
        10          0          0          0          0          0   _printf_ls.o
        10          0          0          0          0          0   _printf_n.o
        10          0          0          0          0          0   _printf_o.o
       112         10          0          0          0        112   _printf_oct_int_ll.o
        10          0          0          0          0          0   _printf_p.o
        78          0          0          0          0        100   _printf_pad.o
         2          0          0          0          0          0   _printf_percent.o
         4          0          0          0          0          0   _printf_percent_end.o
        10          0          0          0          0          0   _printf_s.o
        82          0          0          0          0         72   _printf_str.o
        36          0          0          0          0         76   _printf_truncate.o
        10          0          0          0          0          0   _printf_u.o
        46          0          0          0          0        100   _printf_wchar.o
       188          6          8          0          0         80   _printf_wctomb.o
        10          0          0          0          0          0   _printf_x.o
        10          0          0          0          0         60   _sputc.o
        64          0          0          0          0         72   _wcrtomb.o
       346          0          0          0          0         92   aeabi_sdiv.o
       200          4        148          0          0         80   bigflt0.o
      1240         12          0          0          0        316   btod.o
        16          0          0          0          0         68   exit.o
         6          0          0          0          0        136   heapauxi.o
         0          0          0          0          0          0   indicate_semi.o
        44         10        272          0          0         76   lc_ctype_c.o
        44         10         28          0          0         76   lc_numeric_c.o
         2          0          0          0          0          0   libinit.o
        30          0          0          0          0          0   libinit2.o
         2          0          0          0          0          0   libshutdown.o
         2          0          0          0          0          0   libshutdown2.o
         8          4          0          0         96         68   libspace.o
       122          0          0          0          0         72   lludiv10.o
        16          4          0          0          0         76   rt_ctype_table.o
         8          4          0          0          0         68   rt_locale_intlibspace.o
        56          0          0          0          0         68   rt_memcpy.o
         2          0          0          0          0          0   rtexit.o
        10          0          0          0          0          0   rtexit2.o
        40          0          0          0          0         60   rtudiv10.o
        44          4          0          0          0         84   sprintf.o
       136          4          0          0          0         72   strcmp.o
        12          4          0          0          0         60   sys_exit.o
        62          0          0          0          0         80   sys_stackheap_outer.o
         2          0          0          0          0         68   use_no_semi.o
       348          8          0          0          0        160   faddsub.o
       352         10         64          0          0         92   fdiv.o
        48          0          0          0          0         60   ffixui.o
        94          0          0          0          0         92   fflti.o
        16          4          0          0          0         76   printf1.o
        16          4          0          0          0         76   printf2.o
         0          0          0          0          0          0   usenofp.o
        44          4          0          0          0         60   fpclassify.o

    ----------------------------------------------------------------------
      7428        206        616          0         96       4080   Library Totals
        14          0          1          0          0          0   (incl. Padding)

    ----------------------------------------------------------------------

      Code (inc. data)   RO Data    RW Data    ZI Data      Debug   Library Name

      6496        176        551          0         96       3464   c_p.l
       874         26         64          0          0        556   fz_ps.l
        44          4          0          0          0         60   m_ps.l

    ----------------------------------------------------------------------
      7428        206        616          0         96       4080   Library Totals

    ----------------------------------------------------------------------

==============================================================================


      Code (inc. data)   RO Data    RW Data    ZI Data      Debug   

     10808        654       2912       3188        628      23094   Grand Totals
     10808        654       2912       1544        628      23094   ELF Image Totals (compressed)
     10808        654       2912       1544          0          0   ROM Totals

==============================================================================

    Total RO  Size (Code + RO Data)                13720 (  13.40kB)
    Total RW  Size (RW Data + ZI Data)              3816 (   3.73kB)
    Total ROM Size (Code + RO Data + RW Data)      15264 (  14.91kB)

==============================================================================

